###############################################################################
#
# IAR ELF Linker V7.70.1.11437/W32 for ARM                26/Jun/2018  22:50:21
# Copyright 2007-2016 IAR Systems AB.
#
#    Output file  =  
#        C:\Users\Anthony\Google
#        Drive\Hobbies\IAR\Razor_Atmel\firmware_ascii\iar_7_20_1\Debug\Exe\eie_ascii-01.out
#    Map file     =  
#        C:\Users\Anthony\Google
#        Drive\Hobbies\IAR\Razor_Atmel\firmware_ascii\iar_7_20_1\Debug\List\eie_ascii-01.map
#    Command line =  
#        "C:\Users\Anthony\Google
#        Drive\Hobbies\IAR\Razor_Atmel\firmware_ascii\iar_7_20_1\Debug\Obj\adc12.o"
#        "C:\Users\Anthony\Google
#        Drive\Hobbies\IAR\Razor_Atmel\firmware_ascii\iar_7_20_1\Debug\Obj\ant.o"
#        "C:\Users\Anthony\Google
#        Drive\Hobbies\IAR\Razor_Atmel\firmware_ascii\iar_7_20_1\Debug\Obj\ant_api.o"
#        "C:\Users\Anthony\Google
#        Drive\Hobbies\IAR\Razor_Atmel\firmware_ascii\iar_7_20_1\Debug\Obj\board_cstartup_iar.o"
#        "C:\Users\Anthony\Google
#        Drive\Hobbies\IAR\Razor_Atmel\firmware_ascii\iar_7_20_1\Debug\Obj\buttons.o"
#        "C:\Users\Anthony\Google
#        Drive\Hobbies\IAR\Razor_Atmel\firmware_ascii\iar_7_20_1\Debug\Obj\core_cm3.o"
#        "C:\Users\Anthony\Google
#        Drive\Hobbies\IAR\Razor_Atmel\firmware_ascii\iar_7_20_1\Debug\Obj\debug.o"
#        "C:\Users\Anthony\Google
#        Drive\Hobbies\IAR\Razor_Atmel\firmware_ascii\iar_7_20_1\Debug\Obj\eief1-pcb-01.o"
#        "C:\Users\Anthony\Google
#        Drive\Hobbies\IAR\Razor_Atmel\firmware_ascii\iar_7_20_1\Debug\Obj\exceptions.o"
#        "C:\Users\Anthony\Google
#        Drive\Hobbies\IAR\Razor_Atmel\firmware_ascii\iar_7_20_1\Debug\Obj\interrupts.o"
#        "C:\Users\Anthony\Google
#        Drive\Hobbies\IAR\Razor_Atmel\firmware_ascii\iar_7_20_1\Debug\Obj\lcd_nhd-c0220biz.o"
#        "C:\Users\Anthony\Google
#        Drive\Hobbies\IAR\Razor_Atmel\firmware_ascii\iar_7_20_1\Debug\Obj\leds.o"
#        "C:\Users\Anthony\Google
#        Drive\Hobbies\IAR\Razor_Atmel\firmware_ascii\iar_7_20_1\Debug\Obj\main.o"
#        "C:\Users\Anthony\Google
#        Drive\Hobbies\IAR\Razor_Atmel\firmware_ascii\iar_7_20_1\Debug\Obj\messaging.o"
#        "C:\Users\Anthony\Google
#        Drive\Hobbies\IAR\Razor_Atmel\firmware_ascii\iar_7_20_1\Debug\Obj\sam3u_i2c.o"
#        "C:\Users\Anthony\Google
#        Drive\Hobbies\IAR\Razor_Atmel\firmware_ascii\iar_7_20_1\Debug\Obj\sam3u_ssp.o"
#        "C:\Users\Anthony\Google
#        Drive\Hobbies\IAR\Razor_Atmel\firmware_ascii\iar_7_20_1\Debug\Obj\sam3u_uart.o"
#        "C:\Users\Anthony\Google
#        Drive\Hobbies\IAR\Razor_Atmel\firmware_ascii\iar_7_20_1\Debug\Obj\sdcard.o"
#        "C:\Users\Anthony\Google
#        Drive\Hobbies\IAR\Razor_Atmel\firmware_ascii\iar_7_20_1\Debug\Obj\timer.o"
#        "C:\Users\Anthony\Google
#        Drive\Hobbies\IAR\Razor_Atmel\firmware_ascii\iar_7_20_1\Debug\Obj\user_app1.o"
#        "C:\Users\Anthony\Google
#        Drive\Hobbies\IAR\Razor_Atmel\firmware_ascii\iar_7_20_1\Debug\Obj\user_app2.o"
#        "C:\Users\Anthony\Google
#        Drive\Hobbies\IAR\Razor_Atmel\firmware_ascii\iar_7_20_1\Debug\Obj\user_app3.o"
#        "C:\Users\Anthony\Google
#        Drive\Hobbies\IAR\Razor_Atmel\firmware_ascii\iar_7_20_1\Debug\Obj\utilities.o"
#        --redirect _Printf=_PrintfTiny --redirect _Scanf=_ScanfSmallNoMb -o
#        "C:\Users\Anthony\Google
#        Drive\Hobbies\IAR\Razor_Atmel\firmware_ascii\iar_7_20_1\Debug\Exe\eie_ascii-01.out"
#        --map "C:\Users\Anthony\Google
#        Drive\Hobbies\IAR\Razor_Atmel\firmware_ascii\iar_7_20_1\Debug\List\eie_ascii-01.map"
#        --log initialization,modules,sections --log_file
#        "C:\Users\Anthony\Google
#        Drive\Hobbies\IAR\Razor_Atmel\firmware_ascii\iar_7_20_1\Debug\List\eie_ascii-01.log"
#        --config "C:\Users\Anthony\Google
#        Drive\Hobbies\IAR\Razor_Atmel\firmware_ascii\iar_7_20_1\..\..\firmware_common\sam3u2-flash.icf"
#        --semihosting --entry __iar_program_start --vfe
#
###############################################################################

*******************************************************************************
*** RUNTIME MODEL ATTRIBUTES
***

CppFlavor       = *
__Heap_Handler  = DLMalloc
__SystemLibrary = DLib


*******************************************************************************
*** PLACEMENT SUMMARY
***

"A0":  place at 0x00080000 { ro section .intvec };
"P1":  place in [from 0x00080000 to 0x0009ffff] { ro };
"P2":  place in [from 0x20000000 to 0x20003fff] { rw, block CSTACK };
"P3":  place in [from 0x20080000 to 0x20083fff] { block HEAP };
initialize by copy { rw };

  Section            Kind        Address    Size  Object
  -------            ----        -------    ----  ------
"A0":                                       0xbc
  .intvec                     0x00080000    0xbc  <Block>
    .intvec          const    0x00080000    0xbc  board_cstartup_iar.o [1]
                            - 0x000800bc    0xbc

"P1":                                     0x6112
  .text              ro code  0x000800bc  0x14f4  dlmalloc.o [3]
  .text              ro code  0x000815b0     0x6  abort.o [3]
  .rodata            const    0x000815b6     0x2  debug.o [1]
  .text              ro code  0x000815b8    0x2c  xgetmemchunk.o [3]
  .text              ro code  0x000815e4    0x14  exit.o [5]
  .text              ro code  0x000815f8  0x119e  ant.o [1]
  .text              ro code  0x00082796     0x2  exceptions.o [1]
  .text              ro code  0x00082798    0x64  utilities.o [1]
  .text              ro code  0x000827fc    0x76  ABImemcpy_unaligned.o [4]
  .text              ro code  0x00082872     0x2  exceptions.o [1]
  .text              ro code  0x00082874   0x72c  debug.o [1]
  .text              ro code  0x00082fa0   0x934  sam3u_ssp.o [1]
  .text              ro code  0x000838d4   0x2a4  messaging.o [1]
  .text              ro code  0x00083b78   0x578  sam3u_uart.o [1]
  .text              ro code  0x000840f0   0x34c  leds.o [1]
  .text              ro code  0x0008443c    0x66  ABImemset.o [4]
  .text              ro code  0x000844a2     0x2  exceptions.o [1]
  .text              ro code  0x000844a4   0x7f0  sam3u_i2c.o [1]
  .text              ro code  0x00084c94   0x3e4  eief1-pcb-01.o [1]
  .text              ro code  0x00085078   0x27c  buttons.o [1]
  .text              ro code  0x000852f4   0x1c4  interrupts.o [1]
  .text              ro code  0x000854b8   0x156  adc12.o [1]
  .text              ro code  0x0008560e     0x2  exceptions.o [1]
  .text              ro code  0x00085610    0xfe  timer.o [1]
  .text              ro code  0x0008570e     0x2  exceptions.o [1]
  .text              ro code  0x00085710    0xe4  main.o [1]
  .text              ro code  0x000857f4    0xda  lcd_nhd-c0220biz.o [1]
  .text              ro code  0x000858ce     0x2  exceptions.o [1]
  .text              ro code  0x000858d0    0x2c  ant_api.o [1]
  .text              ro code  0x000858fc    0x4e  sdcard.o [1]
  .text              ro code  0x0008594a     0x2  exceptions.o [1]
  .text              ro code  0x0008594c    0x32  user_app1.o [1]
  .text              ro code  0x0008597e     0x2  exceptions.o [1]
  .text              ro code  0x00085980    0x1a  user_app2.o [1]
  .text              ro code  0x0008599a     0x2  exceptions.o [1]
  .text              ro code  0x0008599c    0x1a  user_app3.o [1]
  .text              ro code  0x000859b6    0x78  lz77_init_single.o [4]
  .text              ro code  0x00085a2e     0x2  exceptions.o [1]
  .rodata            const    0x00085a30    0x50  debug.o [1]
  .rodata            const    0x00085a80    0x48  debug.o [1]
  .text              ro code  0x00085ac8    0x40  zero_init3.o [4]
  .rodata            const    0x00085b08    0x2c  ant.o [1]
  .text              ro code  0x00085b34    0x28  data_init.o [4]
  .rodata            const    0x00085b5c    0x24  ant.o [1]
  .rodata            const    0x00085b80    0x24  ant.o [1]
  .rodata            const    0x00085ba4    0x24  debug.o [1]
  .rodata            const    0x00085bc8    0x24  debug.o [1]
  .rodata            const    0x00085bec    0x24  debug.o [1]
  .rodata            const    0x00085c10    0x24  debug.o [1]
  .rodata            const    0x00085c34    0x24  debug.o [1]
  .rodata            const    0x00085c58    0x24  debug.o [1]
  .rodata            const    0x00085c7c    0x24  debug.o [1]
  .rodata            const    0x00085ca0    0x24  debug.o [1]
  .rodata            const    0x00085cc4    0x24  debug.o [1]
  .iar.init_table    const    0x00085ce8    0x20  - Linker created -
  .rodata            const    0x00085d08    0x20  ant.o [1]
  .rodata            const    0x00085d28    0x20  interrupts.o [1]
  .rodata            const    0x00085d48    0x20  sam3u_uart.o [1]
  .rodata            const    0x00085d68    0x1c  adc12.o [1]
  .rodata            const    0x00085d84    0x1c  ant.o [1]
  .rodata            const    0x00085da0    0x1c  debug.o [1]
  .text              ro code  0x00085dbc    0x1a  cmain.o [4]
  .text              ro code  0x00085dd6     0x2  exceptions.o [1]
  .text              ro code  0x00085dd8    0x14  board_cstartup_iar.o [1]
  .text              ro code  0x00085dec     0x4  exit.o [3]
  .text              ro code  0x00085df0     0xa  cexit.o [4]
  .text              ro code  0x00085dfa     0x2  exceptions.o [1]
  .rodata            const    0x00085dfc    0x18  ant.o [1]
  .rodata            const    0x00085e14    0x18  ant.o [1]
  .rodata            const    0x00085e2c    0x18  lcd_nhd-c0220biz.o [1]
  .rodata            const    0x00085e44    0x18  sdcard.o [1]
  .rodata            const    0x00085e5c    0x18  timer.o [1]
  .rodata            const    0x00085e74    0x14  ant.o [1]
  .rodata            const    0x00085e88    0x14  ant.o [1]
  .rodata            const    0x00085e9c    0x14  ant.o [1]
  .rodata            const    0x00085eb0    0x14  ant.o [1]
  .rodata            const    0x00085ec4    0x14  debug.o [1]
  .rodata            const    0x00085ed8    0x10  ant.o [1]
  .rodata            const    0x00085ee8    0x10  ant_api.o [1]
  .rodata            const    0x00085ef8    0x10  buttons.o [1]
  .rodata            const    0x00085f08     0xc  ant.o [1]
  .rodata            const    0x00085f14     0xc  debug.o [1]
  .rodata            const    0x00085f20     0xc  debug.o [1]
  .text              ro code  0x00085f2c     0xc  cstartup_M.o [4]
  .rodata            const    0x00085f38     0x8  lcd_nhd-c0220biz.o [1]
  .text              ro code  0x00085f40     0x4  exceptions.o [1]
  .text              ro code  0x00085f44     0x2  exceptions.o [1]
  .text              ro code  0x00085f46     0x2  exceptions.o [1]
  .text              ro code  0x00085f48     0x2  exceptions.o [1]
  .text              ro code  0x00085f4a     0x2  exceptions.o [1]
  .text              ro code  0x00085f4c     0x2  exceptions.o [1]
  .text              ro code  0x00085f4e     0x2  exceptions.o [1]
  .text              ro code  0x00085f50     0x2  exceptions.o [1]
  .text              ro code  0x00085f52     0x2  exceptions.o [1]
  .text              ro code  0x00085f54     0x2  exceptions.o [1]
  .text              ro code  0x00085f56     0x2  exceptions.o [1]
  .text              ro code  0x00085f58     0x2  exceptions.o [1]
  .text              ro code  0x00085f5a     0x2  exceptions.o [1]
  .text              ro code  0x00085f5c     0x2  exceptions.o [1]
  .text              ro code  0x00085f5e     0x2  exceptions.o [1]
  .text              ro code  0x00085f60     0x2  exceptions.o [1]
  .text              ro code  0x00085f62     0x2  timer.o [1]
  .rodata            const    0x00085f64     0x0  zero_init3.o [4]
  .rodata            const    0x00085f64     0x0  lz77_init_single.o [4]
  Initializer bytes  const    0x00085f64   0x26a  <for P2-1>
                            - 0x000861ce  0x6112

"P2", part 1 of 3:                         0x3aa
  P2-1                        0x20000000   0x3aa  <Init block>
    .data            inited   0x20000000     0x4  adc12.o [1]
    .data            inited   0x20000004     0x8  ant.o [1]
    .data            inited   0x2000000c     0x8  ant.o [1]
    .data            inited   0x20000014    0x18  ant.o [1]
    .data            inited   0x2000002c    0x18  ant.o [1]
    .data            inited   0x20000044    0x28  ant.o [1]
    .data            inited   0x2000006c    0x18  ant.o [1]
    .data            inited   0x20000084    0x14  ant.o [1]
    .data            inited   0x20000098    0x18  ant.o [1]
    .data            inited   0x200000b0    0x20  ant.o [1]
    .data            inited   0x200000d0    0x40  ant.o [1]
    .data            inited   0x20000110     0x8  ant.o [1]
    .data            inited   0x20000118    0x10  ant.o [1]
    .data            inited   0x20000128    0x50  ant.o [1]
    .data            inited   0x20000178    0x20  ant.o [1]
    .data            inited   0x20000198     0x8  buttons.o [1]
    .data            inited   0x200001a0    0x14  buttons.o [1]
    .data            inited   0x200001b4    0x40  debug.o [1]
    .data            inited   0x200001f4    0x44  debug.o [1]
    .data            inited   0x20000238     0x4  debug.o [1]
    .data            inited   0x2000023c    0x20  debug.o [1]
    .data            inited   0x2000025c     0x8  debug.o [1]
    .data            inited   0x20000264    0x14  debug.o [1]
    .data            inited   0x20000278    0x18  debug.o [1]
    .data            inited   0x20000290    0x20  eief1-pcb-01.o [1]
    .data            inited   0x200002b0    0x2c  leds.o [1]
    .data            inited   0x200002dc    0x70  leds.o [1]
    .data            inited   0x2000034c    0x18  leds.o [1]
    .data            inited   0x20000364     0x4  messaging.o [1]
    .data            inited   0x20000368    0x18  sam3u_ssp.o [1]
    .data            inited   0x20000380    0x18  sam3u_ssp.o [1]
    .data            inited   0x20000398     0x8  utilities.o [1]
    .data            inited   0x200003a0     0x8  utilities.o [1]
    .data            inited   0x200003a8     0x2  interrupts.o [1]
                            - 0x200003aa   0x3aa

"P2", part 2 of 3:                        0x1000
  CSTACK                      0x200003b0  0x1000  <Block>
    CSTACK           uninit   0x200003b0  0x1000  <Block tail>
                            - 0x200013b0  0x1000

"P2", part 3 of 3:                        0x14e4
  .bss               zero     0x200013b0   0x900  messaging.o [1]
  .bss               zero     0x20001cb0   0x300  messaging.o [1]
  .bss               zero     0x20001fb0   0x1d8  dlmalloc.o [3]
  .bss               zero     0x20002188   0x100  ant.o [1]
  .bss               zero     0x20002288   0x100  sam3u_i2c.o [1]
  .bss               zero     0x20002388    0xa0  ant.o [1]
  .bss               zero     0x20002428    0x80  debug.o [1]
  .bss               zero     0x200024a8    0x80  debug.o [1]
  .bss               zero     0x20002528    0x40  debug.o [1]
  .bss               zero     0x20002568    0x38  sam3u_ssp.o [1]
  .bss               zero     0x200025a0    0x38  sam3u_ssp.o [1]
  .bss               zero     0x200025d8    0x38  sam3u_ssp.o [1]
  .bss               zero     0x20002610    0x24  ant.o [1]
  .bss               zero     0x20002634    0x24  sam3u_uart.o [1]
  .bss               zero     0x20002658    0x24  sam3u_uart.o [1]
  .bss               zero     0x2000267c    0x24  sam3u_uart.o [1]
  .bss               zero     0x200026a0    0x24  sam3u_uart.o [1]
  .bss               zero     0x200026c4    0x20  adc12.o [1]
  .bss               zero     0x200026e4    0x18  dlmalloc.o [3]
  .bss               zero     0x200026fc    0x10  buttons.o [1]
  .bss               zero     0x2000270c    0x10  buttons.o [1]
  .bss               zero     0x2000271c    0x10  sam3u_i2c.o [1]
  .bss               zero     0x2000272c     0xc  ant.o [1]
  .bss               zero     0x20002738     0x4  adc12.o [1]
  .bss               zero     0x2000273c     0x4  ant.o [1]
  .bss               zero     0x20002740     0x4  ant.o [1]
  .bss               zero     0x20002744     0x4  ant.o [1]
  .bss               zero     0x20002748     0x4  ant.o [1]
  .bss               zero     0x2000274c     0x4  ant.o [1]
  .bss               zero     0x20002750     0x4  ant.o [1]
  .bss               zero     0x20002754     0x4  ant.o [1]
  .bss               zero     0x20002758     0x4  ant.o [1]
  .bss               zero     0x2000275c     0x4  ant.o [1]
  .bss               zero     0x20002760     0x4  ant.o [1]
  .bss               zero     0x20002764     0x4  ant.o [1]
  .bss               zero     0x20002768     0x4  ant.o [1]
  .bss               zero     0x2000276c     0x4  ant.o [1]
  .bss               zero     0x20002770     0x4  ant.o [1]
  .bss               zero     0x20002774     0x4  ant.o [1]
  .bss               zero     0x20002778     0x4  ant.o [1]
  .bss               zero     0x2000277c     0x4  ant.o [1]
  .bss               zero     0x20002780     0x4  ant.o [1]
  .bss               zero     0x20002784     0x4  ant.o [1]
  .bss               zero     0x20002788     0x4  ant.o [1]
  .bss               zero     0x2000278c     0x4  ant_api.o [1]
  .bss               zero     0x20002790     0x4  buttons.o [1]
  .bss               zero     0x20002794     0x4  buttons.o [1]
  .bss               zero     0x20002798     0x4  buttons.o [1]
  .bss               zero     0x2000279c     0x4  buttons.o [1]
  .bss               zero     0x200027a0     0x4  buttons.o [1]
  .bss               zero     0x200027a4     0x4  debug.o [1]
  .bss               zero     0x200027a8     0x4  debug.o [1]
  .bss               zero     0x200027ac     0x4  debug.o [1]
  .bss               zero     0x200027b0     0x4  debug.o [1]
  .bss               zero     0x200027b4     0x4  debug.o [1]
  .bss               zero     0x200027b8     0x4  debug.o [1]
  .bss               zero     0x200027bc     0x4  debug.o [1]
  .bss               zero     0x200027c0     0x4  eief1-pcb-01.o [1]
  .bss               zero     0x200027c4     0x4  eief1-pcb-01.o [1]
  .bss               zero     0x200027c8     0x4  eief1-pcb-01.o [1]
  .bss               zero     0x200027cc     0x4  eief1-pcb-01.o [1]
  .bss               zero     0x200027d0     0x4  lcd_nhd-c0220biz.o [1]
  .bss               zero     0x200027d4     0x4  lcd_nhd-c0220biz.o [1]
  .bss               zero     0x200027d8     0x4  main.o [1]
  .bss               zero     0x200027dc     0x4  main.o [1]
  .bss               zero     0x200027e0     0x4  messaging.o [1]
  .bss               zero     0x200027e4     0x4  messaging.o [1]
  .bss               zero     0x200027e8     0x4  messaging.o [1]
  .bss               zero     0x200027ec     0x4  messaging.o [1]
  .bss               zero     0x200027f0     0x4  sam3u_i2c.o [1]
  .bss               zero     0x200027f4     0x4  sam3u_i2c.o [1]
  .bss               zero     0x200027f8     0x4  sam3u_i2c.o [1]
  .bss               zero     0x200027fc     0x4  sam3u_i2c.o [1]
  .bss               zero     0x20002800     0x4  sam3u_i2c.o [1]
  .bss               zero     0x20002804     0x4  sam3u_i2c.o [1]
  .bss               zero     0x20002808     0x4  sam3u_ssp.o [1]
  .bss               zero     0x2000280c     0x4  sam3u_ssp.o [1]
  .bss               zero     0x20002810     0x4  sam3u_ssp.o [1]
  .bss               zero     0x20002814     0x4  sam3u_ssp.o [1]
  .bss               zero     0x20002818     0x4  sam3u_ssp.o [1]
  .bss               zero     0x2000281c     0x4  sam3u_ssp.o [1]
  .bss               zero     0x20002820     0x4  sam3u_ssp.o [1]
  .bss               zero     0x20002824     0x4  sam3u_ssp.o [1]
  .bss               zero     0x20002828     0x4  sam3u_ssp.o [1]
  .bss               zero     0x2000282c     0x4  sam3u_ssp.o [1]
  .bss               zero     0x20002830     0x4  sam3u_ssp.o [1]
  .bss               zero     0x20002834     0x4  sam3u_ssp.o [1]
  .bss               zero     0x20002838     0x4  sam3u_uart.o [1]
  .bss               zero     0x2000283c     0x4  sam3u_uart.o [1]
  .bss               zero     0x20002840     0x4  sam3u_uart.o [1]
  .bss               zero     0x20002844     0x4  sam3u_uart.o [1]
  .bss               zero     0x20002848     0x4  sam3u_uart.o [1]
  .bss               zero     0x2000284c     0x4  sam3u_uart.o [1]
  .bss               zero     0x20002850     0x4  sam3u_uart.o [1]
  .bss               zero     0x20002854     0x4  sam3u_uart.o [1]
  .bss               zero     0x20002858     0x4  sam3u_uart.o [1]
  .bss               zero     0x2000285c     0x4  sam3u_uart.o [1]
  .bss               zero     0x20002860     0x4  sdcard.o [1]
  .bss               zero     0x20002864     0x4  timer.o [1]
  .bss               zero     0x20002868     0x4  timer.o [1]
  .bss               zero     0x2000286c     0x4  timer.o [1]
  .bss               zero     0x20002870     0x4  user_app1.o [1]
  .bss               zero     0x20002874     0x4  user_app2.o [1]
  .bss               zero     0x20002878     0x4  user_app3.o [1]
  .bss               zero     0x2000287c     0x4  xgetmemchunk.o [3]
  .bss               zero     0x20002880     0x2  debug.o [1]
  .bss               zero     0x20002882     0x2  user_app1.o [1]
  .bss               zero     0x20002884     0x1  adc12.o [1]
  .bss               zero     0x20002885     0x1  ant.o [1]
  .bss               zero     0x20002886     0x1  ant.o [1]
  .bss               zero     0x20002887     0x1  ant.o [1]
  .bss               zero     0x20002888     0x1  ant.o [1]
  .bss               zero     0x20002889     0x1  debug.o [1]
  .bss               zero     0x2000288a     0x1  debug.o [1]
  .bss               zero     0x2000288b     0x1  debug.o [1]
  .bss               zero     0x2000288c     0x1  messaging.o [1]
  .bss               zero     0x2000288d     0x1  sam3u_i2c.o [1]
  .bss               zero     0x2000288e     0x1  sam3u_i2c.o [1]
  .bss               zero     0x2000288f     0x1  sam3u_i2c.o [1]
  .bss               zero     0x20002890     0x1  sam3u_uart.o [1]
                            - 0x20002891  0x14e1

"P3":                                     0x4000
  HEAP                        0x20080000  0x4000  <Block>
    HEAP             uninit   0x20080000  0x4000  <Block tail>
                            - 0x20084000  0x4000


*******************************************************************************
*** INIT TABLE
***

          Address     Size
          -------     ----
Zero (__iar_zero_init3)
    1 destination range, total size 0x14e1:
          0x200013b0  0x14e1

Copy/lz77 (__iar_lz77_init_single3)
    1 source range, total size 0x26a (65% of destination):
          0x00085f64   0x26a
    1 destination range, total size 0x3aa:
          0x20000000   0x3aa



*******************************************************************************
*** MODULE SUMMARY
***

    Module                 ro code  ro data  rw data
    ------                 -------  -------  -------
C:\Users\Anthony\Google Drive\Hobbies\IAR\Razor_Atmel\firmware_ascii\iar_7_20_1\Debug\Obj: [1]
    adc12.o                    342       30       41
    ant.o                    4 510      598      952
    ant_api.o                   44       16        4
    board_cstartup_iar.o        20      188
    buttons.o                  636       35       80
    debug.o                  1 836      695      573
    eief1-pcb-01.o             996       21       48
    exceptions.o                58
    interrupts.o               452       34        2
    lcd_nhd-c0220biz.o         218       32        8
    leds.o                     844      118      180
    main.o                     228                 8
    messaging.o                676        3    3 093
    sam3u_i2c.o              2 032               299
    sam3u_ssp.o              2 356       32      264
    sam3u_uart.o             1 400       32      185
    sdcard.o                    78       24        4
    timer.o                    256       24       12
    user_app1.o                 50                 6
    user_app2.o                 26                 4
    user_app3.o                 26                 4
    utilities.o                100       10       16
    ------------------------------------------------
    Total:                  17 184    1 892    5 783

command line: [2]
    ------------------------------------------------
    Total:

dl7M_tln.a: [3]
    abort.o                      6
    dlmalloc.o               5 364               496
    exit.o                       4
    xgetmemchunk.o              44                 4
    ------------------------------------------------
    Total:                   5 418               500

rt7M_tl.a: [4]
    ABImemcpy_unaligned.o      118
    ABImemset.o                102
    cexit.o                     10
    cmain.o                     26
    cstartup_M.o                12
    data_init.o                 40
    lz77_init_single.o         120
    zero_init3.o                64
    ------------------------------------------------
    Total:                     492

shb_l.a: [5]
    exit.o                      20
    ------------------------------------------------
    Total:                      20

    Linker created                       32   20 480
----------------------------------------------------
    Grand Total:            23 114    1 924   26 763


*******************************************************************************
*** ENTRY LIST
***

Entry                      Address   Size  Type      Object
-----                      -------   ----  ----      ------
.iar.init_table$$Base   0x00085ce8          --   Gb  - Linker created -
.iar.init_table$$Limit  0x00085d08          --   Gb  - Linker created -
.intvec$$Base           0x00080000          --   Gb  - Linker created -
.intvec$$Limit          0x000800bc          --   Gb  - Linker created -
?main                   0x00085dbd         Code  Gb  cmain.o [4]
ADCC0_IrqHandler        0x00085567   0x5e  Code  Gb  adc12.o [1]
ADCC1_IrqHandler        0x00085f5d    0x2  Code  Wk  exceptions.o [1]
Adc12DefaultCallback    0x00085565    0x2  Code  Gb  adc12.o [1]
Adc12Initialize         0x000854e1   0x76  Code  Gb  adc12.o [1]
Adc12RunActiveState     0x00085557    0xa  Code  Gb  adc12.o [1]
Adc12SM_Idle            0x0008560d    0x2  Code  Lc  adc12.o [1]
Adc12_StateMachine      0x20002738    0x4  Data  Lc  adc12.o [1]
Adc12_aeChannels        0x20000000    0x4  Data  Lc  adc12.o [1]
Adc12_afCallbacks       0x200026c4   0x20  Data  Lc  adc12.o [1]
Adc12_bAdcAvailable     0x20002884    0x1  Data  Lc  adc12.o [1]
AddNewMessageStatus     0x00083afb   0x34  Code  Lc  messaging.o [1]
AdvanceAntRxBufferCurrentChar
                        0x00081969   0x28  Code  Lc  ant.o [1]
AdvanceAntRxBufferUnreadMsgPointer
                        0x00081991   0x28  Code  Lc  ant.o [1]
AntAbortMessage         0x0008193d   0x2c  Code  Lc  ant.o [1]
AntApiInitialize        0x000858d1   0x12  Code  Gb  ant_api.o [1]
AntApiRunActiveState    0x000858e3    0xa  Code  Gb  ant_api.o [1]
AntApiSM_Idle           0x000858f1    0x2  Code  Lc  ant_api.o [1]
AntApi_StateMachine     0x2000278c    0x4  Data  Lc  ant_api.o [1]
AntCalculateTxChecksum  0x00081fb3   0x28  Code  Gb  ant.o [1]
AntDeQueueOutgoingMessage
                        0x00082569   0x22  Code  Lc  ant.o [1]
AntExpectResponse       0x00081e87   0xd8  Code  Gb  ant.o [1]
AntInitialize           0x00081ac9  0x242  Code  Gb  ant.o [1]
AntParseExtendedData    0x000819b9  0x110  Code  Lc  ant.o [1]
AntProcessMessage       0x00082025  0x3f8  Code  Lc  ant.o [1]
AntQueueExtendedApplicationMessage
                        0x00082499   0xc8  Code  Lc  ant.o [1]
AntRunActiveState       0x00081d0b    0xc  Code  Gb  ant.o [1]
AntRxFlowControlCallback
                        0x00081f79   0x3a  Code  Gb  ant.o [1]
AntRxMessage            0x000816f7  0x246  Code  Lc  ant.o [1]
AntSM_Idle              0x00082595   0x8e  Code  Gb  ant.o [1]
AntSM_Idle::au8AntFlagAlert
                        0x20000118   0x10  Data  Lc  ant.o [1]
AntSM_Idle::au8AntFlagMessages
                        0x20000128   0x50  Data  Lc  ant.o [1]
AntSM_NoResponse        0x00082795    0x2  Code  Gb  ant.o [1]
AntSM_ReceiveMessage    0x00082625   0x18  Code  Gb  ant.o [1]
AntSM_TransmitMessage   0x00082661   0x76  Code  Gb  ant.o [1]
AntSM_TransmitMessage::au8TxTimeoutMsg
                        0x20000178   0x20  Data  Lc  ant.o [1]
AntSrdyPulse            0x000816cd   0x2a  Code  Lc  ant.o [1]
AntSyncSerialInitialize
                        0x000815f9   0xd4  Code  Lc  ant.o [1]
AntTickExtended         0x00082425   0x6e  Code  Lc  ant.o [1]
AntTxFlowControlCallback
                        0x00081f61   0x16  Code  Gb  ant.o [1]
AntTxMessage            0x00081d17  0x170  Code  Gb  ant.o [1]
Ant_DebugProcessRxMessages
                        0x20002788    0x4  Data  Lc  ant.o [1]
Ant_DebugRxMessageCounter
                        0x20002780    0x4  Data  Lc  ant.o [1]
Ant_DebugTotalRxMessages
                        0x20002784    0x4  Data  Lc  ant.o [1]
Ant_Ssp                 0x20002768    0x4  Data  Lc  ant.o [1]
Ant_au8AntRxBuffer      0x20002188  0x100  Data  Lc  ant.o [1]
Ant_pfnStateMachine     0x20002748    0x4  Data  Lc  ant.o [1]
Ant_psDataOutgoingMsgList
                        0x2000277c    0x4  Data  Lc  ant.o [1]
Ant_pu8AntRxBufferCurrentChar
                        0x20002770    0x4  Data  Lc  ant.o [1]
Ant_pu8AntRxBufferNextChar
                        0x2000276c    0x4  Data  Lc  ant.o [1]
Ant_pu8AntRxBufferUnreadMsg
                        0x20002774    0x4  Data  Lc  ant.o [1]
Ant_sSspConfig          0x20002610   0x24  Data  Lc  ant.o [1]
Ant_u32ApplicationMessageCount
                        0x20002778    0x4  Data  Lc  ant.o [1]
Ant_u32CurrentTxMessageToken
                        0x20002764    0x4  Data  Lc  ant.o [1]
Ant_u32RxByteCounter    0x20002758    0x4  Data  Lc  ant.o [1]
Ant_u32RxTimeoutCounter
                        0x2000275c    0x4  Data  Lc  ant.o [1]
Ant_u32RxTimer          0x2000274c    0x4  Data  Lc  ant.o [1]
Ant_u32TxByteCounter    0x20002754    0x4  Data  Lc  ant.o [1]
Ant_u32TxTimer          0x20002750    0x4  Data  Lc  ant.o [1]
Ant_u32UnexpectedByteCounter
                        0x20002760    0x4  Data  Lc  ant.o [1]
Ant_u8AntNewRxMessages  0x20002885    0x1  Data  Lc  ant.o [1]
Ant_u8AntVersion        0x2000272c    0xc  Data  Lc  ant.o [1]
Ant_u8SlaveMissedMessageHigh
                        0x20002886    0x1  Data  Lc  ant.o [1]
Ant_u8SlaveMissedMessageLow
                        0x20002888    0x1  Data  Lc  ant.o [1]
Ant_u8SlaveMissedMessageMid
                        0x20002887    0x1  Data  Lc  ant.o [1]
Bsp_u32TimingViolationsCounter
                        0x200027c8    0x4  Data  Lc  eief1-pcb-01.o [1]
BusFault_Handler        0x00082873    0x2  Code  Wk  exceptions.o [1]
ButtonInitialize        0x000850a1   0xb0  Code  Gb  buttons.o [1]
ButtonInitialize::au8ButtonStartupMsg
                        0x200001a0   0x14  Data  Lc  buttons.o [1]
ButtonRunActiveState    0x00085151    0xa  Code  Gb  buttons.o [1]
ButtonSM_ButtonActive   0x000851a5   0xfc  Code  Lc  buttons.o [1]
ButtonSM_Idle           0x00085185   0x20  Code  Lc  buttons.o [1]
Button_abNewPress       0x200027a0    0x4  Data  Lc  buttons.o [1]
Button_aeCurrentState   0x20002798    0x4  Data  Lc  buttons.o [1]
Button_aeNewState       0x2000279c    0x4  Data  Lc  buttons.o [1]
Button_au32ButtonPins   0x00085ef8   0x10  Data  Lc  buttons.o [1]
Button_au32HoldTimeStart
                        0x2000270c   0x10  Data  Lc  buttons.o [1]
Button_pfnStateMachine  0x20002794    0x4  Data  Lc  buttons.o [1]
Buttons_asArray         0x20000198    0x8  Data  Lc  buttons.o [1]
CSTACK$$Base            0x200003b0          --   Gb  - Linker created -
CSTACK$$Limit           0x200013b0          --   Gb  - Linker created -
ClockSetup              0x00084c95   0x80  Code  Gb  eief1-pcb-01.o [1]
DBGU_IrqHandler         0x00083e75   0x1e  Code  Gb  sam3u_uart.o [1]
DeQueueMessage          0x00083a09   0x56  Code  Gb  messaging.o [1]
DebugCommandDummy       0x00082b6b   0x1a  Code  Lc  debug.o [1]
DebugCommandLedTestToggle
                        0x00082b85   0x86  Code  Lc  debug.o [1]
DebugCommandPrepareList
                        0x00082acd   0x9e  Code  Lc  debug.o [1]
DebugCommandSysTimeToggle
                        0x00082c71   0x48  Code  Lc  debug.o [1]
DebugInitialize         0x000829db   0xbc  Code  Gb  debug.o [1]
DebugLedTestCharacter   0x00082c0b   0x66  Code  Lc  debug.o [1]
DebugLineFeed           0x00082899   0x1c  Code  Gb  debug.o [1]
DebugMon_Handler        0x0008570f    0x2  Code  Wk  exceptions.o [1]
DebugPrintNumber        0x000828b5   0xb0  Code  Gb  debug.o [1]
DebugPrintf             0x00082875   0x24  Code  Gb  debug.o [1]
DebugRunActiveState     0x00082a97    0xc  Code  Gb  debug.o [1]
DebugRxCallback         0x00082aa5   0x28  Code  Gb  debug.o [1]
DebugSM_CheckCmd        0x00082e11   0xb2  Code  Lc  debug.o [1]
DebugSM_CheckCmd::au8CommandHeader
                        0x2000025c    0x8  Data  Lc  debug.o [1]
DebugSM_CheckCmd::au8InvalidCommand
                        0x20000264   0x14  Data  Lc  debug.o [1]
DebugSM_Error           0x00082edd   0x34  Code  Lc  debug.o [1]
DebugSM_Error::au8DebugErrorMsg
                        0x20000278   0x18  Data  Lc  debug.o [1]
DebugSM_Idle            0x00082cb9  0x158  Code  Lc  debug.o [1]
DebugSM_Idle::au8BackspaceSequence
                        0x20000238    0x4  Data  Lc  debug.o [1]
DebugSM_Idle::au8CommandOverflow
                        0x2000023c   0x20  Data  Lc  debug.o [1]
DebugSM_ProcessCmd      0x00082ec5   0x18  Code  Lc  debug.o [1]
Debug_Uart              0x200027ac    0x4  Data  Lc  debug.o [1]
Debug_au8CommandBuffer  0x20002528   0x40  Data  Lc  debug.o [1]
Debug_au8Commands       0x200001b4   0x40  Data  Gb  debug.o [1]
Debug_au8RxBuffer       0x200024a8   0x80  Data  Lc  debug.o [1]
Debug_au8StartupMsg     0x200001f4   0x44  Data  Lc  debug.o [1]
Debug_pfnStateMachine   0x200027a8    0x4  Data  Lc  debug.o [1]
Debug_pu8CmdBufferNextChar
                        0x200027bc    0x4  Data  Lc  debug.o [1]
Debug_pu8RxBufferNextChar
                        0x200027b4    0x4  Data  Lc  debug.o [1]
Debug_pu8RxBufferParser
                        0x200027b8    0x4  Data  Lc  debug.o [1]
Debug_u16CommandSize    0x20002880    0x2  Data  Lc  debug.o [1]
Debug_u32CurrentMessageToken
                        0x200027b0    0x4  Data  Lc  debug.o [1]
Debug_u8Command         0x2000288b    0x1  Data  Lc  debug.o [1]
Debug_u8ErrorCode       0x2000288a    0x1  Data  Lc  debug.o [1]
EFC0_IrqHandler         0x00085f45    0x2  Code  Wk  exceptions.o [1]
EFC1_IrqHandler         0x00085f47    0x2  Code  Wk  exceptions.o [1]
G_abButtonDebounceActive
                        0x20002790    0x4  Data  Gb  buttons.o [1]
G_asAntChannelConfiguration
                        0x20002388   0xa0  Data  Gb  ant.o [1]
G_au32ButtonDebounceTimeStart
                        0x200026fc   0x10  Data  Gb  buttons.o [1]
G_au8ANTGetVersion      0x20000110    0x8  Data  Gb  ant.o [1]
G_au8AntMessageAssign   0x20000014   0x18  Data  Gb  ant.o [1]
G_au8AntMessageClose    0x2000006c   0x18  Data  Gb  ant.o [1]
G_au8AntMessageFail     0x2000000c    0x8  Data  Gb  ant.o [1]
G_au8AntMessageInit     0x20000098   0x18  Data  Gb  ant.o [1]
G_au8AntMessageInitFail
                        0x200000b0   0x20  Data  Gb  ant.o [1]
G_au8AntMessageNoAnt    0x200000d0   0x40  Data  Gb  ant.o [1]
G_au8AntMessageOk       0x20000004    0x8  Data  Gb  ant.o [1]
G_au8AntMessageOpen     0x20000084   0x14  Data  Gb  ant.o [1]
G_au8AntMessageUnassign
                        0x2000002c   0x18  Data  Gb  ant.o [1]
G_au8AntMessageUnhandled
                        0x20000044   0x28  Data  Gb  ant.o [1]
G_au8DebugScanfBuffer   0x20002428   0x80  Data  Gb  debug.o [1]
G_au8MessageOFF         0x200003a0    0x8  Data  Gb  utilities.o [1]
G_au8MessageON          0x20000398    0x8  Data  Gb  utilities.o [1]
G_sAntApplicationMsgList
                        0x20002744    0x4  Data  Gb  ant.o [1]
G_stMessageResponse     0x20002740    0x4  Data  Gb  ant.o [1]
G_u32AntFlags           0x2000273c    0x4  Data  Gb  ant.o [1]
G_u32ApplicationFlags   0x200027dc    0x4  Data  Gb  main.o [1]
G_u32DebugFlags         0x200027a4    0x4  Data  Gb  debug.o [1]
G_u32MessagingFlags     0x200027e0    0x4  Data  Gb  messaging.o [1]
G_u32Ssp1ApplicationFlags
                        0x20002808    0x4  Data  Gb  sam3u_ssp.o [1]
G_u32Ssp2ApplicationFlags
                        0x2000280c    0x4  Data  Gb  sam3u_ssp.o [1]
G_u32SystemFlags        0x200027d8    0x4  Data  Gb  main.o [1]
G_u32SystemTime1ms      0x200027c0    0x4  Data  Gb  eief1-pcb-01.o [1]
G_u32SystemTime1s       0x200027c4    0x4  Data  Gb  eief1-pcb-01.o [1]
G_u32Uart0ApplicationFlags
                        0x2000283c    0x4  Data  Gb  sam3u_uart.o [1]
G_u32UartApplicationFlags
                        0x20002838    0x4  Data  Gb  sam3u_uart.o [1]
G_u8DebugScanfCharCount
                        0x20002889    0x1  Data  Gb  debug.o [1]
GetButtonBitLocation    0x0008515b   0x28  Code  Gb  buttons.o [1]
GpioSetup               0x00084dbf   0xea  Code  Gb  eief1-pcb-01.o [1]
HDMA_IrqHandler         0x00085f5f    0x2  Code  Wk  exceptions.o [1]
HEAP$$Base              0x20080000          --   Gb  - Linker created -
HEAP$$Limit             0x20084000          --   Gb  - Linker created -
HSMC4_IrqHandler        0x00085f49    0x2  Code  Wk  exceptions.o [1]
HardFault_Handler       0x00085367   0x34  Code  Gb  interrupts.o [1]
HexToASCIICharLower     0x000827d1   0x28  Code  Gb  utilities.o [1]
InterruptSetup          0x0008531d   0x4a  Code  Gb  interrupts.o [1]
IrqHandlerNotUsed       0x00085f41    0x2  Code  Gb  exceptions.o [1]
IsTimeUp                0x00082799   0x38  Code  Gb  utilities.o [1]
LcdInitialize           0x000857f5   0xb2  Code  Gb  lcd_nhd-c0220biz.o [1]
LcdRunActiveState       0x000858a7    0xa  Code  Gb  lcd_nhd-c0220biz.o [1]
LcdSM_Idle              0x000858cd    0x2  Code  Gb  lcd_nhd-c0220biz.o [1]
Lcd_StateMachine        0x200027d0    0x4  Data  Lc  lcd_nhd-c0220biz.o [1]
Lcd_u32Timer            0x200027d4    0x4  Data  Lc  lcd_nhd-c0220biz.o [1]
LedInitialize           0x000841db   0xba  Code  Gb  leds.o [1]
LedInitialize::au8LedStartupMsg
                        0x2000034c   0x18  Data  Lc  leds.o [1]
LedOff                  0x00084159   0x5e  Code  Gb  leds.o [1]
LedOn                   0x000840f1   0x68  Code  Gb  leds.o [1]
LedToggle               0x000841b7   0x24  Code  Gb  leds.o [1]
LedUpdate               0x00084295  0x186  Code  Gb  leds.o [1]
Led_au32BitPositions    0x200002b0   0x2c  Data  Lc  leds.o [1]
Leds_asLedArray         0x200002dc   0x70  Data  Lc  leds.o [1]
MCI0_IrqHandler         0x00085f4f    0x2  Code  Wk  exceptions.o [1]
MemManage_Handler       0x00082797    0x2  Code  Wk  exceptions.o [1]
MessagingIdle           0x00083b31   0x1c  Code  Gb  messaging.o [1]
MessagingIdle::u32CleaningTime
                        0x20000364    0x4  Data  Lc  messaging.o [1]
MessagingInitialize     0x00083a5f   0x76  Code  Gb  messaging.o [1]
MessagingRunActiveState
                        0x00083ad5    0xa  Code  Gb  messaging.o [1]
Messaging_pfnStateMachine
                        0x200027e4    0x4  Data  Lc  messaging.o [1]
Msg_Pool                0x200013b0  0x900  Data  Lc  messaging.o [1]
Msg_StatusQueue         0x20001cb0  0x300  Data  Lc  messaging.o [1]
Msg_pNextStatus         0x200027ec    0x4  Data  Lc  messaging.o [1]
Msg_u32Token            0x200027e8    0x4  Data  Lc  messaging.o [1]
Msg_u8QueuedMessageCount
                        0x2000288c    0x1  Data  Lc  messaging.o [1]
NMI_Handler             0x00085f43    0x2  Code  Wk  exceptions.o [1]
NVIC_ClearPendingIRQ    0x000854cd   0x14  Code  Lc  adc12.o [1]
NVIC_ClearPendingIRQ    0x0008508d   0x14  Code  Lc  buttons.o [1]
NVIC_ClearPendingIRQ    0x00085309   0x14  Code  Lc  interrupts.o [1]
NVIC_ClearPendingIRQ    0x000844bb   0x16  Code  Lc  sam3u_i2c.o [1]
NVIC_ClearPendingIRQ    0x00082fb7   0x16  Code  Lc  sam3u_ssp.o [1]
NVIC_ClearPendingIRQ    0x00083b8f   0x16  Code  Lc  sam3u_uart.o [1]
NVIC_ClearPendingIRQ    0x00085625   0x14  Code  Lc  timer.o [1]
NVIC_DisableIRQ         0x000852f5   0x14  Code  Lc  interrupts.o [1]
NVIC_EnableIRQ          0x000854b9   0x14  Code  Lc  adc12.o [1]
NVIC_EnableIRQ          0x00085079   0x14  Code  Lc  buttons.o [1]
NVIC_EnableIRQ          0x000844a5   0x16  Code  Lc  sam3u_i2c.o [1]
NVIC_EnableIRQ          0x00082fa1   0x16  Code  Lc  sam3u_ssp.o [1]
NVIC_EnableIRQ          0x00083b79   0x16  Code  Lc  sam3u_uart.o [1]
NVIC_EnableIRQ          0x00085611   0x14  Code  Lc  timer.o [1]
PIOA_IrqHandler         0x000853d7   0x54  Code  Gb  interrupts.o [1]
PIOB_IrqHandler         0x0008542b   0x54  Code  Gb  interrupts.o [1]
PIOC_IrqHandler         0x00085f4b    0x2  Code  Wk  exceptions.o [1]
PMC_IrqHandler          0x00085dfb    0x2  Code  Wk  exceptions.o [1]
PWMSetupAudio           0x00084ea9   0x5c  Code  Gb  eief1-pcb-01.o [1]
PWM_IrqHandler          0x00085f5b    0x2  Code  Wk  exceptions.o [1]
PendSV_Handler          0x000858cf    0x2  Code  Wk  exceptions.o [1]
QueryMessageStatus      0x000838d5   0x38  Code  Gb  messaging.o [1]
QueueMessage            0x0008390d   0xfc  Code  Gb  messaging.o [1]
RSTC_IrqHandler         0x0008597f    0x2  Code  Wk  exceptions.o [1]
RTC_IrqHandler          0x0008599b    0x2  Code  Wk  exceptions.o [1]
RTT_IrqHandler          0x00085a2f    0x2  Code  Wk  exceptions.o [1]
Region$$Table$$Base     0x00085ce8          --   Gb  - Linker created -
Region$$Table$$Limit    0x00085d08          --   Gb  - Linker created -
SD_pfStateMachine       0x20002860    0x4  Data  Lc  sdcard.o [1]
SPI0_IrqHandler         0x00085f53    0x2  Code  Wk  exceptions.o [1]
SSC0_IrqHandler         0x00085f55    0x2  Code  Wk  exceptions.o [1]
SSP_Peripheral0         0x20002568   0x38  Data  Lc  sam3u_ssp.o [1]
SSP_Peripheral1         0x200025a0   0x38  Data  Lc  sam3u_ssp.o [1]
SSP_Peripheral2         0x200025d8   0x38  Data  Lc  sam3u_ssp.o [1]
SSP_psCurrentISR        0x20002820    0x4  Data  Lc  sam3u_ssp.o [1]
SSP_psCurrentSsp        0x2000281c    0x4  Data  Lc  sam3u_ssp.o [1]
SSP_pu32SspApplicationFlagsISR
                        0x20002824    0x4  Data  Lc  sam3u_ssp.o [1]
SSP_u32AntCounter       0x20002830    0x4  Data  Lc  sam3u_ssp.o [1]
SSP_u32Flags            0x20002818    0x4  Data  Lc  sam3u_ssp.o [1]
SSP_u32Int1Count        0x20002828    0x4  Data  Lc  sam3u_ssp.o [1]
SSP_u32Int2Count        0x2000282c    0x4  Data  Lc  sam3u_ssp.o [1]
SSP_u32RxCounter        0x20002834    0x4  Data  Lc  sam3u_ssp.o [1]
SSP_u32Timer            0x20002814    0x4  Data  Lc  sam3u_ssp.o [1]
SUPC_IrqHandler         0x0008594b    0x2  Code  Wk  exceptions.o [1]
SVC_Handler             0x0008560f    0x2  Code  Wk  exceptions.o [1]
SdCardInitialize        0x000858fd   0x34  Code  Gb  sdcard.o [1]
SdCardRunActiveState    0x00085931    0xc  Code  Gb  sdcard.o [1]
SdCardSM_Disabled       0x00085949    0x2  Code  Lc  sdcard.o [1]
SspGenericHandler       0x000832d9  0x394  Code  Gb  sam3u_ssp.o [1]
SspInitialize           0x00083145   0xec  Code  Gb  sam3u_ssp.o [1]
SspInitialize::au8SspStartupMessage
                        0x20000368   0x18  Data  Lc  sam3u_ssp.o [1]
SspManualMode           0x0008323d   0x48  Code  Gb  sam3u_ssp.o [1]
SspRequest              0x00082fcd  0x148  Code  Gb  sam3u_ssp.o [1]
SspRunActiveState       0x00083231    0xc  Code  Gb  sam3u_ssp.o [1]
SspSM_Idle              0x00083671  0x1ee  Code  Gb  sam3u_ssp.o [1]
SspSM_Idle::au8SspErrorInvalidSsp
                        0x20000380   0x18  Data  Lc  sam3u_ssp.o [1]
SspWriteData            0x00083115   0x30  Code  Gb  sam3u_ssp.o [1]
Ssp_pfnStateMachine     0x20002810    0x4  Data  Lc  sam3u_ssp.o [1]
SysTickSetup            0x00084d15   0x22  Code  Gb  eief1-pcb-01.o [1]
SysTick_Handler         0x0008539b   0x3c  Code  Gb  interrupts.o [1]
SysTick_Handler::u16SecondCounter
                        0x200003a8    0x2  Data  Lc  interrupts.o [1]
SystemSleep             0x00084d37   0x7a  Code  Gb  eief1-pcb-01.o [1]
SystemSleep::au8TickWarningMessage
                        0x20000290   0x20  Data  Lc  eief1-pcb-01.o [1]
SystemSleep::u32PreviousSystemTick
                        0x200027cc    0x4  Data  Lc  eief1-pcb-01.o [1]
SystemStatusReport      0x00082965   0x76  Code  Gb  debug.o [1]
TC0_IrqHandler          0x00085f57    0x2  Code  Wk  exceptions.o [1]
TC1_IrqHandler          0x000856a5   0x24  Code  Gb  timer.o [1]
TC2_IrqHandler          0x00085f59    0x2  Code  Wk  exceptions.o [1]
TWI0                    0x200027fc    0x4  Data  Lc  sam3u_i2c.o [1]
TWI0FillTxBuffer        0x0008478f   0x96  Code  Lc  sam3u_i2c.o [1]
TWI0WriteByte           0x000844d1   0xd6  Code  Gb  sam3u_i2c.o [1]
TWI0WriteData           0x000845a7   0xda  Code  Gb  sam3u_i2c.o [1]
TWI0_IrqHandler         0x00084863   0xb8  Code  Gb  sam3u_i2c.o [1]
TWI1_IrqHandler         0x00085f51    0x2  Code  Wk  exceptions.o [1]
TWIInitialize           0x00084681  0x102  Code  Gb  sam3u_i2c.o [1]
TWIManualMode           0x00084825   0x3e  Code  Lc  sam3u_i2c.o [1]
TWIRunActiveState       0x00084783    0xc  Code  Gb  sam3u_i2c.o [1]
TWISM_Error             0x00084bad   0x94  Code  Gb  sam3u_i2c.o [1]
TWISM_Idle              0x0008491d  0x142  Code  Gb  sam3u_i2c.o [1]
TWISM_Receiving         0x00084b35   0x78  Code  Gb  sam3u_i2c.o [1]
TWISM_Transmitting      0x00084a61   0xd2  Code  Gb  sam3u_i2c.o [1]
TWI_MessageBuffer       0x20002288  0x100  Data  Lc  sam3u_i2c.o [1]
TWI_MessageBufferCurIndex
                        0x2000288e    0x1  Data  Lc  sam3u_i2c.o [1]
TWI_MessageBufferNextIndex
                        0x2000288d    0x1  Data  Lc  sam3u_i2c.o [1]
TWI_MessageQueueLength  0x2000288f    0x1  Data  Lc  sam3u_i2c.o [1]
TWI_Peripheral0         0x2000271c   0x10  Data  Lc  sam3u_i2c.o [1]
TWI_StateMachine        0x200027f0    0x4  Data  Lc  sam3u_i2c.o [1]
TWI_pu8CurrentTxData    0x20002804    0x4  Data  Lc  sam3u_i2c.o [1]
TWI_u32CurrentBytesRemaining
                        0x20002800    0x4  Data  Lc  sam3u_i2c.o [1]
TWI_u32Flags            0x200027f8    0x4  Data  Lc  sam3u_i2c.o [1]
TWI_u32Timer            0x200027f4    0x4  Data  Lc  sam3u_i2c.o [1]
TimerDefaultCallback    0x00085f63    0x2  Code  Gb  timer.o [1]
TimerInitialize         0x00085639   0x62  Code  Gb  timer.o [1]
TimerRunActiveState     0x0008569b    0xa  Code  Gb  timer.o [1]
TimerSM_Idle            0x0008570d    0x2  Code  Lc  timer.o [1]
Timer_StateMachine      0x20002864    0x4  Data  Lc  timer.o [1]
Timer_u32Timer1Counter  0x2000286c    0x4  Data  Lc  timer.o [1]
UART_Peripheral         0x20002634   0x24  Data  Lc  sam3u_uart.o [1]
UART_Peripheral0        0x20002658   0x24  Data  Lc  sam3u_uart.o [1]
UART_Peripheral1        0x2000267c   0x24  Data  Lc  sam3u_uart.o [1]
UART_Peripheral2        0x200026a0   0x24  Data  Lc  sam3u_uart.o [1]
UART_psCurrentISR       0x20002850    0x4  Data  Lc  sam3u_uart.o [1]
UART_psCurrentUart      0x2000284c    0x4  Data  Lc  sam3u_uart.o [1]
UART_pu32ApplicationFlagsISR
                        0x20002854    0x4  Data  Lc  sam3u_uart.o [1]
UART_u32Flags           0x20002848    0x4  Data  Lc  sam3u_uart.o [1]
UART_u32Int0Count       0x2000285c    0x4  Data  Lc  sam3u_uart.o [1]
UART_u32IntCount        0x20002858    0x4  Data  Lc  sam3u_uart.o [1]
UART_u32Timer           0x20002844    0x4  Data  Lc  sam3u_uart.o [1]
UART_u8ActiveUarts      0x20002890    0x1  Data  Lc  sam3u_uart.o [1]
UDPD_IrqHandler         0x00085f61    0x2  Code  Wk  exceptions.o [1]
USART0_IrqHandler       0x00083e93   0x1e  Code  Gb  sam3u_uart.o [1]
USART1_IrqHandler       0x00083285   0x2a  Code  Gb  sam3u_ssp.o [1]
USART2_IrqHandler       0x000832af   0x2a  Code  Gb  sam3u_ssp.o [1]
USART3_IrqHandler       0x00085f4d    0x2  Code  Wk  exceptions.o [1]
UartGenericHandler      0x00083eb1   0xf4  Code  Gb  sam3u_uart.o [1]
UartInitialize          0x00083d39   0xfc  Code  Gb  sam3u_uart.o [1]
UartManualMode          0x00083e3f   0x36  Code  Lc  sam3u_uart.o [1]
UartRequest             0x00083ba5  0x138  Code  Gb  sam3u_uart.o [1]
UartRunActiveState      0x00083e35    0xa  Code  Gb  sam3u_uart.o [1]
UartSM_Idle             0x00083fa9   0xd8  Code  Gb  sam3u_uart.o [1]
UartWriteByte           0x00083cdd   0x30  Code  Gb  sam3u_uart.o [1]
UartWriteData           0x00083d0d   0x2c  Code  Gb  sam3u_uart.o [1]
Uart_pfnStateMachine    0x20002840    0x4  Data  Lc  sam3u_uart.o [1]
UpdateMessageStatus     0x00083adf   0x1c  Code  Gb  messaging.o [1]
UsageFault_Handler      0x000844a3    0x2  Code  Wk  exceptions.o [1]
UserApp1Initialize      0x0008594d   0x1c  Code  Gb  user_app1.o [1]
UserApp1RunActiveState  0x00085969    0xc  Code  Gb  user_app1.o [1]
UserApp1SM_Idle         0x0008597d    0x2  Code  Lc  user_app1.o [1]
UserApp1_StateMachine   0x20002870    0x4  Data  Lc  user_app1.o [1]
UserApp2Initialize      0x00085981    0xa  Code  Gb  user_app2.o [1]
UserApp2RunActiveState  0x0008598b    0xa  Code  Gb  user_app2.o [1]
UserApp2SM_Idle         0x00085999    0x2  Code  Lc  user_app2.o [1]
UserApp2_StateMachine   0x20002874    0x4  Data  Lc  user_app2.o [1]
UserApp3Initialize      0x0008599d    0xa  Code  Gb  user_app3.o [1]
UserApp3RunActiveState  0x000859a7    0xa  Code  Gb  user_app3.o [1]
UserApp3SM_Idle         0x000859b5    0x2  Code  Lc  user_app3.o [1]
UserApp3_StateMachine   0x20002878    0x4  Data  Lc  user_app3.o [1]
WDT_IrqHandler          0x00085dd7    0x2  Code  Wk  exceptions.o [1]
WatchDogSetup           0x00084db1    0xe  Code  Gb  eief1-pcb-01.o [1]
__ICFEDIT_intvec_start__ {Abs}
                        0x00080000         Data  Gb  command line/config [2]
__aeabi_memset          0x0008443d         Code  Gb  ABImemset.o [4]
__cmain                 0x00085dbd         Code  Gb  cmain.o [4]
__data_GetMemChunk      0x000815b9   0x2c  Code  Gb  xgetmemchunk.o [3]
__data_GetMemChunk::start
                        0x2000287c    0x4  Data  Lc  xgetmemchunk.o [3]
__exit                  0x000815e5   0x14  Code  Gb  exit.o [5]
__iar_Memset            0x0008443d         Code  Gb  ABImemset.o [4]
__iar_Memset_word       0x00084445         Code  Gb  ABImemset.o [4]
__iar_data_init3        0x00085b35   0x28  Code  Gb  data_init.o [4]
__iar_dlfree            0x0008108f  0x51a  Code  Gb  dlmalloc.o [3]
__iar_dlmalloc          0x00080dd9  0x2aa  Code  Gb  dlmalloc.o [3]
__iar_lz77_init_single3
                        0x000859b7   0x78  Code  Gb  lz77_init_single.o [4]
__iar_program_start     0x00085f2d         Code  Gb  cstartup_M.o [4]
__iar_unaligned___aeabi_memcpy
                        0x000827fd         Code  Gb  ABImemcpy_unaligned.o [4]
__iar_unaligned___aeabi_memcpy4
                        0x0008281d         Code  Gb  ABImemcpy_unaligned.o [4]
__iar_unaligned___aeabi_memcpy8
                        0x0008281d         Code  Gb  ABImemcpy_unaligned.o [4]
__iar_zero_init3        0x00085ac9   0x40  Code  Gb  zero_init3.o [4]
__low_level_init        0x00085dd9   0x14  Code  Gb  board_cstartup_iar.o [1]
__vector_table          0x00080000   0xbc  Data  Gb  board_cstartup_iar.o [1]
_call_main              0x00085dc9         Code  Gb  cmain.o [4]
_exit                   0x00085df1         Code  Gb  cexit.o [4]
_gm_                    0x20001fb0  0x1d8  Data  Lc  dlmalloc.o [3]
_main                   0x00085dd3         Code  Gb  cmain.o [4]
abort                   0x000815b1    0x6  Code  Gb  abort.o [3]
exit                    0x00085ded    0x4  Code  Gb  exit.o [3]
fpTimer1Callback        0x20002868    0x4  Data  Lc  timer.o [1]
init_mparams            0x000800d9   0x32  Code  Lc  dlmalloc.o [3]
init_top                0x0008010b   0x34  Code  Lc  dlmalloc.o [3]
main                    0x00085711   0xe4  Code  Gb  main.o [1]
mparams                 0x200026e4   0x18  Data  Lc  dlmalloc.o [3]
msCounter               0x20002882    0x2  Data  Lc  user_app1.o [1]
prepend_alloc           0x0008013f  0x372  Code  Lc  dlmalloc.o [3]
segment_holding         0x000800bd   0x1c  Code  Lc  dlmalloc.o [3]
sys_alloc               0x000804b1  0x388  Code  Lc  dlmalloc.o [3]
tmalloc_large           0x00080845  0x380  Code  Lc  dlmalloc.o [3]
tmalloc_small           0x00080bc5  0x206  Code  Lc  dlmalloc.o [3]


[1] = C:\Users\Anthony\Google Drive\Hobbies\IAR\Razor_Atmel\firmware_ascii\iar_7_20_1\Debug\Obj
[2] = command line
[3] = dl7M_tln.a
[4] = rt7M_tl.a
[5] = shb_l.a

  23 114 bytes of readonly  code memory
   1 924 bytes of readonly  data memory
  26 763 bytes of readwrite data memory

Errors: none
Warnings: none
