###############################################################################
#
# IAR ELF Linker V7.70.1.11437/W32 for ARM                22/Mar/2018  01:46:49
# Copyright 2007-2016 IAR Systems AB.
#
#    Output file  =  
#        C:\Users\Anthony\Google
#        Drive\Hobbies\IAR\Razor_Atmel\firmware_dotmatrix\iar_7_20_1\Debug\Exe\mpgl2.out
#    Map file     =  
#        C:\Users\Anthony\Google
#        Drive\Hobbies\IAR\Razor_Atmel\firmware_dotmatrix\iar_7_20_1\Debug\List\mpgl2.map
#    Command line =  
#        "C:\Users\Anthony\Google
#        Drive\Hobbies\IAR\Razor_Atmel\firmware_dotmatrix\iar_7_20_1\Debug\Obj\ant.o"
#        "C:\Users\Anthony\Google
#        Drive\Hobbies\IAR\Razor_Atmel\firmware_dotmatrix\iar_7_20_1\Debug\Obj\ant_api.o"
#        "C:\Users\Anthony\Google
#        Drive\Hobbies\IAR\Razor_Atmel\firmware_dotmatrix\iar_7_20_1\Debug\Obj\Audio.o"
#        "C:\Users\Anthony\Google
#        Drive\Hobbies\IAR\Razor_Atmel\firmware_dotmatrix\iar_7_20_1\Debug\Obj\board_cstartup_iar.o"
#        "C:\Users\Anthony\Google
#        Drive\Hobbies\IAR\Razor_Atmel\firmware_dotmatrix\iar_7_20_1\Debug\Obj\buttons.o"
#        "C:\Users\Anthony\Google
#        Drive\Hobbies\IAR\Razor_Atmel\firmware_dotmatrix\iar_7_20_1\Debug\Obj\captouch.o"
#        "C:\Users\Anthony\Google
#        Drive\Hobbies\IAR\Razor_Atmel\firmware_dotmatrix\iar_7_20_1\Debug\Obj\Commands.o"
#        "C:\Users\Anthony\Google
#        Drive\Hobbies\IAR\Razor_Atmel\firmware_dotmatrix\iar_7_20_1\Debug\Obj\core_cm3.o"
#        "C:\Users\Anthony\Google
#        Drive\Hobbies\IAR\Razor_Atmel\firmware_dotmatrix\iar_7_20_1\Debug\Obj\debug.o"
#        "C:\Users\Anthony\Google
#        Drive\Hobbies\IAR\Razor_Atmel\firmware_dotmatrix\iar_7_20_1\Debug\Obj\exceptions.o"
#        "C:\Users\Anthony\Google
#        Drive\Hobbies\IAR\Razor_Atmel\firmware_dotmatrix\iar_7_20_1\Debug\Obj\GameController.o"
#        "C:\Users\Anthony\Google
#        Drive\Hobbies\IAR\Razor_Atmel\firmware_dotmatrix\iar_7_20_1\Debug\Obj\GameLogic.o"
#        "C:\Users\Anthony\Google
#        Drive\Hobbies\IAR\Razor_Atmel\firmware_dotmatrix\iar_7_20_1\Debug\Obj\Grid.o"
#        "C:\Users\Anthony\Google
#        Drive\Hobbies\IAR\Razor_Atmel\firmware_dotmatrix\iar_7_20_1\Debug\Obj\GUI.o"
#        "C:\Users\Anthony\Google
#        Drive\Hobbies\IAR\Razor_Atmel\firmware_dotmatrix\iar_7_20_1\Debug\Obj\InputController.o"
#        "C:\Users\Anthony\Google
#        Drive\Hobbies\IAR\Razor_Atmel\firmware_dotmatrix\iar_7_20_1\Debug\Obj\interrupts.o"
#        "C:\Users\Anthony\Google
#        Drive\Hobbies\IAR\Razor_Atmel\firmware_dotmatrix\iar_7_20_1\Debug\Obj\lcd_bitmaps.o"
#        "C:\Users\Anthony\Google
#        Drive\Hobbies\IAR\Razor_Atmel\firmware_dotmatrix\iar_7_20_1\Debug\Obj\lcd_NHD-C12864LZ.o"
#        "C:\Users\Anthony\Google
#        Drive\Hobbies\IAR\Razor_Atmel\firmware_dotmatrix\iar_7_20_1\Debug\Obj\leds.o"
#        "C:\Users\Anthony\Google
#        Drive\Hobbies\IAR\Razor_Atmel\firmware_dotmatrix\libraries\captouch\bin\libsam3u-32qt-k-8rs-iar.a"
#        "C:\Users\Anthony\Google
#        Drive\Hobbies\IAR\Razor_Atmel\firmware_dotmatrix\iar_7_20_1\Debug\Obj\main.o"
#        "C:\Users\Anthony\Google
#        Drive\Hobbies\IAR\Razor_Atmel\firmware_dotmatrix\iar_7_20_1\Debug\Obj\messaging.o"
#        "C:\Users\Anthony\Google
#        Drive\Hobbies\IAR\Razor_Atmel\firmware_dotmatrix\iar_7_20_1\Debug\Obj\mpgl2-ehdw-02.o"
#        "C:\Users\Anthony\Google
#        Drive\Hobbies\IAR\Razor_Atmel\firmware_dotmatrix\iar_7_20_1\Debug\Obj\sam3u_i2c.o"
#        "C:\Users\Anthony\Google
#        Drive\Hobbies\IAR\Razor_Atmel\firmware_dotmatrix\iar_7_20_1\Debug\Obj\sam3u_ssp.o"
#        "C:\Users\Anthony\Google
#        Drive\Hobbies\IAR\Razor_Atmel\firmware_dotmatrix\iar_7_20_1\Debug\Obj\sam3u_uart.o"
#        "C:\Users\Anthony\Google
#        Drive\Hobbies\IAR\Razor_Atmel\firmware_dotmatrix\iar_7_20_1\Debug\Obj\Tetromino.o"
#        "C:\Users\Anthony\Google
#        Drive\Hobbies\IAR\Razor_Atmel\firmware_dotmatrix\iar_7_20_1\Debug\Obj\Timers.o"
#        "C:\Users\Anthony\Google
#        Drive\Hobbies\IAR\Razor_Atmel\firmware_dotmatrix\iar_7_20_1\Debug\Obj\user_app1.o"
#        "C:\Users\Anthony\Google
#        Drive\Hobbies\IAR\Razor_Atmel\firmware_dotmatrix\iar_7_20_1\Debug\Obj\user_app2.o"
#        "C:\Users\Anthony\Google
#        Drive\Hobbies\IAR\Razor_Atmel\firmware_dotmatrix\iar_7_20_1\Debug\Obj\user_app3.o"
#        "C:\Users\Anthony\Google
#        Drive\Hobbies\IAR\Razor_Atmel\firmware_dotmatrix\iar_7_20_1\Debug\Obj\utilities.o"
#        --redirect _Printf=_PrintfTiny --redirect _Scanf=_ScanfSmallNoMb -o
#        "C:\Users\Anthony\Google
#        Drive\Hobbies\IAR\Razor_Atmel\firmware_dotmatrix\iar_7_20_1\Debug\Exe\mpgl2.out"
#        --map "C:\Users\Anthony\Google
#        Drive\Hobbies\IAR\Razor_Atmel\firmware_dotmatrix\iar_7_20_1\Debug\List\mpgl2.map"
#        --log initialization,modules,sections --log_file
#        "C:\Users\Anthony\Google
#        Drive\Hobbies\IAR\Razor_Atmel\firmware_dotmatrix\iar_7_20_1\Debug\List\mpgl2.log"
#        --config "C:\Users\Anthony\Google
#        Drive\Hobbies\IAR\Razor_Atmel\firmware_dotmatrix\iar_7_20_1\..\..\firmware_common\sam3u2-flash.icf"
#        --semihosting --entry __iar_program_start --vfe
#
###############################################################################

*******************************************************************************
*** RUNTIME MODEL ATTRIBUTES
***

CppFlavor       = *
__Heap_Handler  = Basic
__SystemLibrary = DLib


*******************************************************************************
*** PLACEMENT SUMMARY
***

"A0":  place at 0x00080000 { ro section .intvec };
"P1":  place in [from 0x00080000 to 0x0009ffff] { ro };
"P2":  place in [from 0x20000000 to 0x20003fff] { rw, block CSTACK };
"P3":  place in [from 0x20080000 to 0x20083fff] { block HEAP };
initialize by copy { rw };

  Section             Kind        Address    Size  Object
  -------             ----        -------    ----  ------
"A0":                                        0xbc
  .intvec                      0x00080000    0xbc  <Block>
    .intvec           const    0x00080000    0xbc  board_cstartup_iar.o [1]
                             - 0x000800bc    0xbc

"P1":                                      0x8104
  .text               ro code  0x000800bc  0x119e  ant.o [1]
  .text               ro code  0x0008125a     0xa  xsprout.o [3]
  .text               ro code  0x00081264    0x64  utilities.o [1]
  .text               ro code  0x000812c8    0x76  ABImemcpy_unaligned.o [5]
  .rodata             const    0x0008133e     0x2  debug.o [1]
  .text               ro code  0x00081340   0x7a8  debug.o [1]
  .text               ro code  0x00081ae8   0x934  sam3u_ssp.o [1]
  .text               ro code  0x0008241c    0xb0  xxmemxmalloc.o [3]
  .text               ro code  0x000824cc    0x80  xxmemxfree.o [3]
  .text               ro code  0x0008254c   0x2a4  messaging.o [1]
  .text               ro code  0x000827f0   0x578  sam3u_uart.o [1]
  .text               ro code  0x00082d68   0x33c  leds.o [1]
  .text               ro code  0x000830a4    0x66  ABImemset.o [5]
  .text               ro code  0x0008310a     0x2  exceptions.o [1]
  .text               ro code  0x0008310c    0x2c  xgetmemchunk.o [3]
  .text               ro code  0x00083138   0x964  lcd_NHD-C12864LZ.o [1]
  .text               ro code  0x00083a9c    0x36  strlen.o [5]
  .text               ro code  0x00083ad2     0x2  exceptions.o [1]
  .text               ro code  0x00083ad4   0x600  sam3u_i2c.o [1]
  .text               ro code  0x000840d4   0x59c  GameLogic.o [1]
  .text               ro code  0x00084670   0x100  Commands.o [1]
  .text               ro code  0x00084770    0x96  Timers.o [1]
  .text               ro code  0x00084806     0x2  exceptions.o [1]
  .text               ro code  0x00084808    0xe2  Grid.o [1]
  .text               ro code  0x000848ea     0x2  exceptions.o [1]
  .text               ro code  0x000848ec   0x1f4  Tetromino.o [1]
  .text               ro code  0x00084ae0    0x20  srand.o [3]
  .text               ro code  0x00084b00    0xe0  rand.o [3]
  .text               ro code  0x00084be0     0x2  xtls.o [3]
  .text               ro code  0x00084be2     0x2  exceptions.o [1]
  SAM_QTOUCH          ro code  0x00084be4   0x4d0  burst_10_AA_BB.o [4]
  SAM_QTOUCH          ro code  0x000850b4   0x20c  touch_api.o [4]
  SAM_QTOUCH          ro code  0x000852c0   0x444  touch_process.o [4]
  SAM_QTOUCH          ro code  0x00085704    0x60  touch_burst_qt.o [4]
  SAM_QTOUCH          ro code  0x00085764   0x360  touch_rs_qt.o [4]
  .text               ro code  0x00085ac4   0x400  mpgl2-ehdw-02.o [1]
  .text               ro code  0x00085ec4   0x350  InputController.o [1]
  .text               ro code  0x00086214   0x290  buttons.o [1]
  .text               ro code  0x000864a4   0x254  captouch.o [1]
  .text               ro code  0x000866f8   0x344  GUI.o [1]
  .text               ro code  0x00086a3c    0x34  sprintf.o [3]
  .text               ro code  0x00086a70   0x14e  xprintftiny.o [3]
  .text               ro code  0x00086bbe     0x2  exceptions.o [1]
  .rodata             const    0x00086bc0   0x2a0  lcd_bitmaps.o [1]
  .text               ro code  0x00086e60   0x1dc  interrupts.o [1]
  .text               ro code  0x0008703c   0x164  GameController.o [1]
  .text               ro code  0x000871a0    0x80  Audio.o [1]
  .rodata             const    0x00087220   0x160  lcd_bitmaps.o [1]
  SAM_QTOUCH          ro code  0x00087380   0x148  calc_masks.o [4]
  .rodata             const    0x000874c8   0x118  lcd_bitmaps.o [1]
  .text               ro code  0x000875e0    0xdc  main.o [1]
  .text               ro code  0x000876bc    0x36  user_app1.o [1]
  .text               ro code  0x000876f2     0x2  exceptions.o [1]
  .text               ro code  0x000876f4    0x1a  user_app2.o [1]
  .text               ro code  0x0008770e     0x2  exceptions.o [1]
  .text               ro code  0x00087710    0x1a  user_app3.o [1]
  .text               ro code  0x0008772a    0x78  lz77_init_single.o [5]
  .text               ro code  0x000877a2     0x2  exceptions.o [1]
  .rodata             const    0x000877a4    0x74  Audio.o [1]
  .rodata             const    0x00087818    0x74  Audio.o [1]
  .rodata             const    0x0008788c    0x50  debug.o [1]
  .rodata             const    0x000878dc    0x48  debug.o [1]
  .text               ro code  0x00087924    0x40  zero_init3.o [5]
  .text               ro code  0x00087964    0x30  iarttio.o [6]
  .text               ro code  0x00087994     0x8  XShttio.o [3]
  .rodata             const    0x0008799c    0x2c  ant.o [1]
  .rodata             const    0x000879c8    0x2c  debug.o [1]
  .text               ro code  0x000879f4    0x28  data_init.o [5]
  .rodata             const    0x00087a1c    0x24  ant.o [1]
  .rodata             const    0x00087a40    0x24  ant.o [1]
  .rodata             const    0x00087a64    0x24  captouch.o [1]
  .rodata             const    0x00087a88    0x24  debug.o [1]
  .rodata             const    0x00087aac    0x24  debug.o [1]
  .rodata             const    0x00087ad0    0x24  debug.o [1]
  .rodata             const    0x00087af4    0x24  debug.o [1]
  .rodata             const    0x00087b18    0x24  debug.o [1]
  .rodata             const    0x00087b3c    0x24  debug.o [1]
  .rodata             const    0x00087b60    0x24  debug.o [1]
  .rodata             const    0x00087b84    0x24  debug.o [1]
  .rodata             const    0x00087ba8    0x24  debug.o [1]
  .iar.init_table     const    0x00087bcc    0x20  - Linker created -
  .rodata             const    0x00087bec    0x20  ant.o [1]
  .rodata             const    0x00087c0c    0x20  interrupts.o [1]
  .rodata             const    0x00087c2c    0x20  sam3u_uart.o [1]
  .rodata             const    0x00087c4c    0x1c  ant.o [1]
  .rodata             const    0x00087c68    0x1c  debug.o [1]
  .rodata             const    0x00087c84    0x1c  debug.o [1]
  .rodata             const    0x00087ca0    0x1c  Tetromino.o [1]
  .rodata             const    0x00087cbc    0x1c  Tetromino.o [1]
  .rodata             const    0x00087cd8    0x1c  Tetromino.o [1]
  .rodata             const    0x00087cf4    0x1c  Tetromino.o [1]
  .rodata             const    0x00087d10    0x1c  Tetromino.o [1]
  .rodata             const    0x00087d2c    0x1c  Tetromino.o [1]
  .rodata             const    0x00087d48    0x1c  Tetromino.o [1]
  .text               ro code  0x00087d64    0x1a  cmain.o [5]
  .text               ro code  0x00087d7e     0x2  exceptions.o [1]
  .text               ro code  0x00087d80    0x14  board_cstartup_iar.o [1]
  .text               ro code  0x00087d94     0x4  exit.o [3]
  .text               ro code  0x00087d98     0xa  cexit.o [5]
  .text               ro code  0x00087da2     0x2  exceptions.o [1]
  .text               ro code  0x00087da4    0x14  exit.o [6]
  .rodata             const    0x00087db8    0x18  ant.o [1]
  .rodata             const    0x00087dd0    0x18  ant.o [1]
  .rodata             const    0x00087de8    0x18  captouch.o [1]
  .rodata             const    0x00087e00    0x14  ant.o [1]
  .rodata             const    0x00087e14    0x14  ant.o [1]
  .rodata             const    0x00087e28    0x14  ant.o [1]
  .rodata             const    0x00087e3c    0x14  ant.o [1]
  .rodata             const    0x00087e50    0x14  captouch.o [1]
  .rodata             const    0x00087e64    0x14  debug.o [1]
  .rodata             const    0x00087e78    0x10  ant.o [1]
  .rodata             const    0x00087e88    0x10  captouch.o [1]
  .rodata             const    0x00087e98     0xc  ant.o [1]
  .rodata             const    0x00087ea4     0xc  captouch.o [1]
  .rodata             const    0x00087eb0     0xc  debug.o [1]
  .rodata             const    0x00087ebc     0xc  debug.o [1]
  .text               ro code  0x00087ec8     0xc  cstartup_M.o [5]
  .rodata             const    0x00087ed4     0x8  buttons.o [1]
  .rodata             const    0x00087edc     0x8  GUI.o [1]
  .text               ro code  0x00087ee4     0x4  exceptions.o [1]
  .text               ro code  0x00087ee8     0x2  exceptions.o [1]
  .text               ro code  0x00087eea     0x2  exceptions.o [1]
  .text               ro code  0x00087eec     0x2  exceptions.o [1]
  .text               ro code  0x00087eee     0x2  exceptions.o [1]
  .text               ro code  0x00087ef0     0x2  exceptions.o [1]
  .text               ro code  0x00087ef2     0x2  exceptions.o [1]
  .text               ro code  0x00087ef4     0x2  exceptions.o [1]
  .text               ro code  0x00087ef6     0x2  exceptions.o [1]
  .text               ro code  0x00087ef8     0x2  exceptions.o [1]
  .text               ro code  0x00087efa     0x2  exceptions.o [1]
  .text               ro code  0x00087efc     0x2  exceptions.o [1]
  .text               ro code  0x00087efe     0x2  exceptions.o [1]
  .text               ro code  0x00087f00     0x2  exceptions.o [1]
  .text               ro code  0x00087f02     0x2  exceptions.o [1]
  .text               ro code  0x00087f04     0x2  exceptions.o [1]
  .text               ro code  0x00087f06     0x2  exceptions.o [1]
  .text               ro code  0x00087f08     0x2  exceptions.o [1]
  .text               ro code  0x00087f0a     0x2  exceptions.o [1]
  .rodata             const    0x00087f0c     0x0  zero_init3.o [5]
  .rodata             const    0x00087f0c     0x0  lz77_init_single.o [5]
  Initializer bytes   const    0x00087f0c   0x2b4  <for P2-1>
                             - 0x000881c0  0x8104

"P2", part 1 of 3:                          0x498
  P2-1                         0x20000000   0x498  <Init block>
    .data             inited   0x20000000     0x8  ant.o [1]
    .data             inited   0x20000008     0x8  ant.o [1]
    .data             inited   0x20000010    0x18  ant.o [1]
    .data             inited   0x20000028    0x18  ant.o [1]
    .data             inited   0x20000040    0x28  ant.o [1]
    .data             inited   0x20000068    0x18  ant.o [1]
    .data             inited   0x20000080    0x14  ant.o [1]
    .data             inited   0x20000094    0x18  ant.o [1]
    .data             inited   0x200000ac    0x20  ant.o [1]
    .data             inited   0x200000cc    0x40  ant.o [1]
    .data             inited   0x2000010c     0x8  ant.o [1]
    .data             inited   0x20000114    0x10  ant.o [1]
    .data             inited   0x20000124    0x50  ant.o [1]
    .data             inited   0x20000174    0x20  ant.o [1]
    .data             inited   0x20000194     0x4  buttons.o [1]
    .data             inited   0x20000198    0x14  buttons.o [1]
    .data             inited   0x200001ac    0x10  captouch.o [1]
    .data             inited   0x200001bc    0x40  debug.o [1]
    .data             inited   0x200001fc    0x44  debug.o [1]
    .data             inited   0x20000240     0x4  debug.o [1]
    .data             inited   0x20000244    0x20  debug.o [1]
    .data             inited   0x20000264     0x8  debug.o [1]
    .data             inited   0x2000026c    0x14  debug.o [1]
    .data             inited   0x20000280    0x18  debug.o [1]
    .data             inited   0x20000298     0x8  lcd_NHD-C12864LZ.o [1]
    .data             inited   0x200002a0     0xc  lcd_NHD-C12864LZ.o [1]
    .data             inited   0x200002ac    0x14  lcd_NHD-C12864LZ.o [1]
    .data             inited   0x200002c0     0xc  lcd_NHD-C12864LZ.o [1]
    .data             inited   0x200002cc    0x34  leds.o [1]
    .data             inited   0x20000300    0x84  leds.o [1]
    .data             inited   0x20000384    0x18  leds.o [1]
    .data             inited   0x2000039c     0x4  messaging.o [1]
    .data             inited   0x200003a0    0x20  mpgl2-ehdw-02.o [1]
    .data             inited   0x200003c0    0x18  sam3u_ssp.o [1]
    .data             inited   0x200003d8    0x18  sam3u_ssp.o [1]
    .data             inited   0x200003f0     0x8  utilities.o [1]
    .data             inited   0x200003f8     0x8  utilities.o [1]
    .data             inited   0x20000400     0x8  XShttio.o [3]
    __DLIB_PERTHREAD  inited   0x20000408    0x8c  rand.o [3]
    .data             inited   0x20000494     0x2  interrupts.o [1]
    .data             inited   0x20000496     0x1  GameLogic.o [1]
    .data             inited   0x20000497     0x1  touch_api.o [4]
                             - 0x20000498   0x498

"P2", part 2 of 3:                         0x1000
  CSTACK                       0x20000498  0x1000  <Block>
    CSTACK            uninit   0x20000498  0x1000  <Block tail>
                             - 0x20001498  0x1000

"P2", part 3 of 3:                         0x1a88
  .bss                zero     0x20001498   0x900  messaging.o [1]
  .bss                zero     0x20001d98   0x400  lcd_NHD-C12864LZ.o [1]
  .bss                zero     0x20002198   0x300  messaging.o [1]
  .bss                zero     0x20002498   0x100  ant.o [1]
  .bss                zero     0x20002598   0x100  sam3u_i2c.o [1]
  .bss                zero     0x20002698   0x100  touch_process.o [4]
  .bss                zero     0x20002798    0xa0  ant.o [1]
  .bss                zero     0x20002838    0x90  touch_api.o [4]
  .bss                zero     0x200028c8    0x80  debug.o [1]
  .bss                zero     0x20002948    0x80  debug.o [1]
  .bss                zero     0x200029c8    0x80  lcd_NHD-C12864LZ.o [1]
  .bss                zero     0x20002a48    0x40  debug.o [1]
  .bss                zero     0x20002a88    0x38  sam3u_ssp.o [1]
  .bss                zero     0x20002ac0    0x38  sam3u_ssp.o [1]
  .bss                zero     0x20002af8    0x38  sam3u_ssp.o [1]
  .bss                zero     0x20002b30    0x28  Timers.o [1]
  .bss                zero     0x20002b58    0x28  touch_rs_qt.o [4]
  .bss                zero     0x20002b80    0x24  ant.o [1]
  .bss                zero     0x20002ba4    0x24  Commands.o [1]
  .bss                zero     0x20002bc8    0x24  lcd_NHD-C12864LZ.o [1]
  .bss                zero     0x20002bec    0x24  sam3u_uart.o [1]
  .bss                zero     0x20002c10    0x24  sam3u_uart.o [1]
  .bss                zero     0x20002c34    0x24  sam3u_uart.o [1]
  .bss                zero     0x20002c58    0x24  sam3u_uart.o [1]
  .bss                zero     0x20002c7c    0x24  touch_process.o [4]
  .bss                zero     0x20002ca0    0x20  touch_burst_qt.o [4]
  .bss                zero     0x20002cc0    0x18  InputController.o [1]
  .bss                zero     0x20002cd8    0x14  GameController.o [1]
  .bss                zero     0x20002cec    0x14  touch_api.o [4]
  .bss                zero     0x20002d00    0x10  InputController.o [1]
  .bss                zero     0x20002d10    0x10  InputController.o [1]
  .bss                zero     0x20002d20    0x10  InputController.o [1]
  .bss                zero     0x20002d30    0x10  InputController.o [1]
  .bss                zero     0x20002d40    0x10  InputController.o [1]
  .bss                zero     0x20002d50    0x10  InputController.o [1]
  .bss                zero     0x20002d60    0x10  sam3u_i2c.o [1]
  .bss                zero     0x20002d70     0xc  ant.o [1]
  .bss                zero     0x20002d7c     0x8  buttons.o [1]
  .bss                zero     0x20002d84     0x8  buttons.o [1]
  .bss                zero     0x20002d8c     0x8  lcd_NHD-C12864LZ.o [1]
  .bss                zero     0x20002d94     0x8  lcd_NHD-C12864LZ.o [1]
  .bss                zero     0x20002d9c     0x8  xxmemxmalloc.o [3]
  .bss                zero     0x20002da4     0x4  ant.o [1]
  .bss                zero     0x20002da8     0x4  ant.o [1]
  .bss                zero     0x20002dac     0x4  ant.o [1]
  .bss                zero     0x20002db0     0x4  ant.o [1]
  .bss                zero     0x20002db4     0x4  ant.o [1]
  .bss                zero     0x20002db8     0x4  ant.o [1]
  .bss                zero     0x20002dbc     0x4  ant.o [1]
  .bss                zero     0x20002dc0     0x4  ant.o [1]
  .bss                zero     0x20002dc4     0x4  ant.o [1]
  .bss                zero     0x20002dc8     0x4  ant.o [1]
  .bss                zero     0x20002dcc     0x4  ant.o [1]
  .bss                zero     0x20002dd0     0x4  ant.o [1]
  .bss                zero     0x20002dd4     0x4  ant.o [1]
  .bss                zero     0x20002dd8     0x4  ant.o [1]
  .bss                zero     0x20002ddc     0x4  ant.o [1]
  .bss                zero     0x20002de0     0x4  ant.o [1]
  .bss                zero     0x20002de4     0x4  ant.o [1]
  .bss                zero     0x20002de8     0x4  ant.o [1]
  .bss                zero     0x20002dec     0x4  ant.o [1]
  .bss                zero     0x20002df0     0x4  ant.o [1]
  .bss                zero     0x20002df4     0x4  Audio.o [1]
  .bss                zero     0x20002df8     0x4  buttons.o [1]
  .bss                zero     0x20002dfc     0x4  captouch.o [1]
  .bss                zero     0x20002e00     0x4  captouch.o [1]
  .bss                zero     0x20002e04     0x4  captouch.o [1]
  .bss                zero     0x20002e08     0x4  debug.o [1]
  .bss                zero     0x20002e0c     0x4  debug.o [1]
  .bss                zero     0x20002e10     0x4  debug.o [1]
  .bss                zero     0x20002e14     0x4  debug.o [1]
  .bss                zero     0x20002e18     0x4  debug.o [1]
  .bss                zero     0x20002e1c     0x4  debug.o [1]
  .bss                zero     0x20002e20     0x4  debug.o [1]
  .bss                zero     0x20002e24     0x4  GameController.o [1]
  .bss                zero     0x20002e28     0x4  GameController.o [1]
  .bss                zero     0x20002e2c     0x4  GameController.o [1]
  .bss                zero     0x20002e30     0x4  GameLogic.o [1]
  .bss                zero     0x20002e34     0x4  lcd_NHD-C12864LZ.o [1]
  .bss                zero     0x20002e38     0x4  lcd_NHD-C12864LZ.o [1]
  .bss                zero     0x20002e3c     0x4  lcd_NHD-C12864LZ.o [1]
  .bss                zero     0x20002e40     0x4  lcd_NHD-C12864LZ.o [1]
  .bss                zero     0x20002e44     0x4  lcd_NHD-C12864LZ.o [1]
  .bss                zero     0x20002e48     0x4  lcd_NHD-C12864LZ.o [1]
  .bss                zero     0x20002e4c     0x4  lcd_NHD-C12864LZ.o [1]
  .bss                zero     0x20002e50     0x4  lcd_NHD-C12864LZ.o [1]
  .bss                zero     0x20002e54     0x4  main.o [1]
  .bss                zero     0x20002e58     0x4  main.o [1]
  .bss                zero     0x20002e5c     0x4  messaging.o [1]
  .bss                zero     0x20002e60     0x4  messaging.o [1]
  .bss                zero     0x20002e64     0x4  messaging.o [1]
  .bss                zero     0x20002e68     0x4  messaging.o [1]
  .bss                zero     0x20002e6c     0x4  mpgl2-ehdw-02.o [1]
  .bss                zero     0x20002e70     0x4  mpgl2-ehdw-02.o [1]
  .bss                zero     0x20002e74     0x4  mpgl2-ehdw-02.o [1]
  .bss                zero     0x20002e78     0x4  mpgl2-ehdw-02.o [1]
  .bss                zero     0x20002e7c     0x4  sam3u_i2c.o [1]
  .bss                zero     0x20002e80     0x4  sam3u_i2c.o [1]
  .bss                zero     0x20002e84     0x4  sam3u_i2c.o [1]
  .bss                zero     0x20002e88     0x4  sam3u_i2c.o [1]
  .bss                zero     0x20002e8c     0x4  sam3u_i2c.o [1]
  .bss                zero     0x20002e90     0x4  sam3u_i2c.o [1]
  .bss                zero     0x20002e94     0x4  sam3u_ssp.o [1]
  .bss                zero     0x20002e98     0x4  sam3u_ssp.o [1]
  .bss                zero     0x20002e9c     0x4  sam3u_ssp.o [1]
  .bss                zero     0x20002ea0     0x4  sam3u_ssp.o [1]
  .bss                zero     0x20002ea4     0x4  sam3u_ssp.o [1]
  .bss                zero     0x20002ea8     0x4  sam3u_ssp.o [1]
  .bss                zero     0x20002eac     0x4  sam3u_ssp.o [1]
  .bss                zero     0x20002eb0     0x4  sam3u_ssp.o [1]
  .bss                zero     0x20002eb4     0x4  sam3u_ssp.o [1]
  .bss                zero     0x20002eb8     0x4  sam3u_ssp.o [1]
  .bss                zero     0x20002ebc     0x4  sam3u_ssp.o [1]
  .bss                zero     0x20002ec0     0x4  sam3u_ssp.o [1]
  .bss                zero     0x20002ec4     0x4  sam3u_uart.o [1]
  .bss                zero     0x20002ec8     0x4  sam3u_uart.o [1]
  .bss                zero     0x20002ecc     0x4  sam3u_uart.o [1]
  .bss                zero     0x20002ed0     0x4  sam3u_uart.o [1]
  .bss                zero     0x20002ed4     0x4  sam3u_uart.o [1]
  .bss                zero     0x20002ed8     0x4  sam3u_uart.o [1]
  .bss                zero     0x20002edc     0x4  sam3u_uart.o [1]
  .bss                zero     0x20002ee0     0x4  sam3u_uart.o [1]
  .bss                zero     0x20002ee4     0x4  sam3u_uart.o [1]
  .bss                zero     0x20002ee8     0x4  sam3u_uart.o [1]
  .bss                zero     0x20002eec     0x4  user_app1.o [1]
  .bss                zero     0x20002ef0     0x4  user_app2.o [1]
  .bss                zero     0x20002ef4     0x4  user_app3.o [1]
  .bss                zero     0x20002ef8     0x4  xgetmemchunk.o [3]
  .bss                zero     0x20002efc     0x2  buttons.o [1]
  .bss                zero     0x20002efe     0x2  buttons.o [1]
  .bss                zero     0x20002f00     0x2  buttons.o [1]
  .bss                zero     0x20002f02     0x2  buttons.o [1]
  .bss                zero     0x20002f04     0x2  debug.o [1]
  .bss                zero     0x20002f06     0x2  user_app1.o [1]
  .bss                zero     0x20002f08     0x1  ant.o [1]
  .bss                zero     0x20002f09     0x1  ant.o [1]
  .bss                zero     0x20002f0a     0x1  ant.o [1]
  .bss                zero     0x20002f0b     0x1  ant.o [1]
  .bss                zero     0x20002f0c     0x1  Audio.o [1]
  .bss                zero     0x20002f0d     0x1  captouch.o [1]
  .bss                zero     0x20002f0e     0x1  captouch.o [1]
  .bss                zero     0x20002f0f     0x1  debug.o [1]
  .bss                zero     0x20002f10     0x1  debug.o [1]
  .bss                zero     0x20002f11     0x1  debug.o [1]
  .bss                zero     0x20002f12     0x1  GameLogic.o [1]
  .bss                zero     0x20002f13     0x1  lcd_NHD-C12864LZ.o [1]
  .bss                zero     0x20002f14     0x1  lcd_NHD-C12864LZ.o [1]
  .bss                zero     0x20002f15     0x1  lcd_NHD-C12864LZ.o [1]
  .bss                zero     0x20002f16     0x1  messaging.o [1]
  .bss                zero     0x20002f17     0x1  sam3u_i2c.o [1]
  .bss                zero     0x20002f18     0x1  sam3u_i2c.o [1]
  .bss                zero     0x20002f19     0x1  sam3u_i2c.o [1]
  .bss                zero     0x20002f1a     0x1  sam3u_uart.o [1]
  .bss                zero     0x20002f1b     0x1  burst_10_AA_BB.o [4]
  .bss                zero     0x20002f1c     0x1  touch_rs_qt.o [4]
                             - 0x20002f1d  0x1a85

"P3":                                      0x4000
  HEAP                         0x20080000  0x4000  <Block>
    HEAP              uninit   0x20080000  0x4000  <Block tail>
                             - 0x20084000  0x4000


*******************************************************************************
*** INIT TABLE
***

          Address     Size
          -------     ----
Zero (__iar_zero_init3)
    1 destination range, total size 0x1a85:
          0x20001498  0x1a85

Copy/lz77 (__iar_lz77_init_single3)
    1 source range, total size 0x2b4 (58% of destination):
          0x00087f0c   0x2b4
    1 destination range, total size 0x498:
          0x20000000   0x498



*******************************************************************************
*** MODULE SUMMARY
***

    Module                 ro code  ro data  rw data
    ------                 -------  -------  -------
C:\Users\Anthony\Google Drive\Hobbies\IAR\Razor_Atmel\firmware_dotmatrix\iar_7_20_1\Debug\Obj: [1]
    Audio.o                    128      232        5
    Commands.o                 256                36
    GUI.o                      836        8
    GameController.o           356                32
    GameLogic.o              1 436        1        6
    Grid.o                     226
    InputController.o          848               120
    Tetromino.o                500      196
    Timers.o                   150                40
    ant.o                    4 510      569      952
    board_cstartup_iar.o        20      188
    buttons.o                  656       22       52
    captouch.o                 596      118       30
    debug.o                  1 960      751      573
    exceptions.o                62
    interrupts.o               476       33        2
    lcd_NHD-C12864LZ.o       2 404       31    1 291
    lcd_bitmaps.o                     1 304
    leds.o                     828      122      208
    main.o                     220                 8
    messaging.o                676        3    3 093
    mpgl2-ehdw-02.o          1 024       18       48
    sam3u_i2c.o              1 536               299
    sam3u_ssp.o              2 356       29      264
    sam3u_uart.o             1 400       32      185
    user_app1.o                 54                 6
    user_app2.o                 26                 4
    user_app3.o                 26                 4
    utilities.o                100        9       16
    ------------------------------------------------
    Total:                  23 666    3 666    7 274

command line: [2]
    ------------------------------------------------
    Total:

dl7M_tln.a: [3]
    XShttio.o                    8        5        8
    exit.o                       4
    rand.o                     224       82      140
    sprintf.o                   52
    srand.o                     32
    xgetmemchunk.o              44                 4
    xprintftiny.o              334
    xsprout.o                   10
    xtls.o                       2
    xxmemxfree.o               128
    xxmemxmalloc.o             176                 8
    ------------------------------------------------
    Total:                   1 014       87      160

libsam3u-32qt-k-8rs-iar.a: [4]
    burst_10_AA_BB.o         1 232                 1
    calc_masks.o               328
    touch_api.o                524        1      165
    touch_burst_qt.o            96                32
    touch_process.o          1 092               292
    touch_rs_qt.o              864                41
    ------------------------------------------------
    Total:                   4 136        1      531

rt7M_tl.a: [5]
    ABImemcpy_unaligned.o      118
    ABImemset.o                102
    cexit.o                     10
    cmain.o                     26
    cstartup_M.o                12
    data_init.o                 40
    lz77_init_single.o         120
    strlen.o                    54
    zero_init3.o                64
    ------------------------------------------------
    Total:                     546

shb_l.a: [6]
    exit.o                      20
    iarttio.o                   48
    ------------------------------------------------
    Total:                      68

    Linker created                       32   20 480
----------------------------------------------------
    Grand Total:            29 430    3 786   28 445


*******************************************************************************
*** ENTRY LIST
***

Entry                      Address   Size  Type      Object
-----                      -------   ----  ----      ------
.iar.init_table$$Base   0x00087bcc          --   Gb  - Linker created -
.iar.init_table$$Limit  0x00087bec          --   Gb  - Linker created -
.intvec$$Base           0x00080000          --   Gb  - Linker created -
.intvec$$Limit          0x000800bc          --   Gb  - Linker created -
?main                   0x00087d65         Code  Gb  cmain.o [5]
ADCC0_IrqHandler        0x00087f05    0x2  Code  Wk  exceptions.o [1]
ADCC1_IrqHandler        0x00087f07    0x2  Code  Wk  exceptions.o [1]
AddNewMessageStatus     0x00082773   0x34  Code  Lc  messaging.o [1]
AdvanceAntRxBufferCurrentChar
                        0x0008042d   0x28  Code  Lc  ant.o [1]
AdvanceAntRxBufferUnreadMsgPointer
                        0x00080455   0x28  Code  Lc  ant.o [1]
AntAbortMessage         0x00080401   0x2c  Code  Lc  ant.o [1]
AntCalculateTxChecksum  0x00080a77   0x28  Code  Gb  ant.o [1]
AntDeQueueOutgoingMessage
                        0x0008102d   0x22  Code  Lc  ant.o [1]
AntExpectResponse       0x0008094b   0xd8  Code  Gb  ant.o [1]
AntInitialize           0x0008058d  0x242  Code  Gb  ant.o [1]
AntParseExtendedData    0x0008047d  0x110  Code  Lc  ant.o [1]
AntProcessMessage       0x00080ae9  0x3f8  Code  Lc  ant.o [1]
AntQueueExtendedApplicationMessage
                        0x00080f5d   0xc8  Code  Lc  ant.o [1]
AntRunActiveState       0x000807cf    0xc  Code  Gb  ant.o [1]
AntRxFlowControlCallback
                        0x00080a3d   0x3a  Code  Gb  ant.o [1]
AntRxMessage            0x000801bb  0x246  Code  Lc  ant.o [1]
AntSM_Idle              0x00081059   0x8e  Code  Gb  ant.o [1]
AntSM_Idle::au8AntFlagAlert
                        0x20000114   0x10  Data  Lc  ant.o [1]
AntSM_Idle::au8AntFlagMessages
                        0x20000124   0x50  Data  Lc  ant.o [1]
AntSM_NoResponse        0x00081259    0x2  Code  Gb  ant.o [1]
AntSM_ReceiveMessage    0x000810e9   0x18  Code  Gb  ant.o [1]
AntSM_TransmitMessage   0x00081125   0x76  Code  Gb  ant.o [1]
AntSM_TransmitMessage::au8TxTimeoutMsg
                        0x20000174   0x20  Data  Lc  ant.o [1]
AntSrdyPulse            0x00080191   0x2a  Code  Lc  ant.o [1]
AntSyncSerialInitialize
                        0x000800bd   0xd4  Code  Lc  ant.o [1]
AntTickExtended         0x00080ee9   0x6e  Code  Lc  ant.o [1]
AntTxFlowControlCallback
                        0x00080a25   0x16  Code  Gb  ant.o [1]
AntTxMessage            0x000807db  0x170  Code  Gb  ant.o [1]
Ant_DebugProcessRxMessages
                        0x20002df0    0x4  Data  Lc  ant.o [1]
Ant_DebugRxMessageCounter
                        0x20002de8    0x4  Data  Lc  ant.o [1]
Ant_DebugTotalRxMessages
                        0x20002dec    0x4  Data  Lc  ant.o [1]
Ant_Ssp                 0x20002dd0    0x4  Data  Lc  ant.o [1]
Ant_au8AntRxBuffer      0x20002498  0x100  Data  Lc  ant.o [1]
Ant_pfnStateMachine     0x20002db0    0x4  Data  Lc  ant.o [1]
Ant_psDataOutgoingMsgList
                        0x20002de4    0x4  Data  Lc  ant.o [1]
Ant_pu8AntRxBufferCurrentChar
                        0x20002dd8    0x4  Data  Lc  ant.o [1]
Ant_pu8AntRxBufferNextChar
                        0x20002dd4    0x4  Data  Lc  ant.o [1]
Ant_pu8AntRxBufferUnreadMsg
                        0x20002ddc    0x4  Data  Lc  ant.o [1]
Ant_sSspConfig          0x20002b80   0x24  Data  Lc  ant.o [1]
Ant_u32ApplicationMessageCount
                        0x20002de0    0x4  Data  Lc  ant.o [1]
Ant_u32CurrentTxMessageToken
                        0x20002dcc    0x4  Data  Lc  ant.o [1]
Ant_u32RxByteCounter    0x20002dc0    0x4  Data  Lc  ant.o [1]
Ant_u32RxTimeoutCounter
                        0x20002dc4    0x4  Data  Lc  ant.o [1]
Ant_u32RxTimer          0x20002db4    0x4  Data  Lc  ant.o [1]
Ant_u32TxByteCounter    0x20002dbc    0x4  Data  Lc  ant.o [1]
Ant_u32TxTimer          0x20002db8    0x4  Data  Lc  ant.o [1]
Ant_u32UnexpectedByteCounter
                        0x20002dc8    0x4  Data  Lc  ant.o [1]
Ant_u8AntNewRxMessages  0x20002f08    0x1  Data  Lc  ant.o [1]
Ant_u8AntVersion        0x20002d70    0xc  Data  Lc  ant.o [1]
Ant_u8SlaveMissedMessageHigh
                        0x20002f09    0x1  Data  Lc  ant.o [1]
Ant_u8SlaveMissedMessageLow
                        0x20002f0b    0x1  Data  Lc  ant.o [1]
Ant_u8SlaveMissedMessageMid
                        0x20002f0a    0x1  Data  Lc  ant.o [1]
Audio_Initialize        0x000871a1   0x1c  Code  Gb  Audio.o [1]
Audio_RunActiveState    0x000871bd   0x52  Code  Gb  Audio.o [1]
Bsp_u32TimingViolationsCounter
                        0x20002e74    0x4  Data  Lc  mpgl2-ehdw-02.o [1]
BusFault_Handler        0x00083ad3    0x2  Code  Wk  exceptions.o [1]
ButtonInitialize        0x0008624f   0xb0  Code  Gb  buttons.o [1]
ButtonInitialize::au8ButtonStartupMsg
                        0x20000198   0x14  Data  Lc  buttons.o [1]
ButtonRunActiveState    0x000862ff    0xa  Code  Gb  buttons.o [1]
ButtonSM_ButtonActive   0x00086355   0xfc  Code  Lc  buttons.o [1]
ButtonSM_Idle           0x00086335   0x20  Code  Lc  buttons.o [1]
Button_abNewPress       0x20002f02    0x2  Data  Lc  buttons.o [1]
Button_aeCurrentState   0x20002efe    0x2  Data  Lc  buttons.o [1]
Button_aeNewState       0x20002f00    0x2  Data  Lc  buttons.o [1]
Button_au32ButtonPins   0x00087ed4    0x8  Data  Lc  buttons.o [1]
Button_au32HoldTimeStart
                        0x20002d84    0x8  Data  Lc  buttons.o [1]
Button_pfnStateMachine  0x20002df8    0x4  Data  Lc  buttons.o [1]
Buttons_asArray         0x20000194    0x4  Data  Lc  buttons.o [1]
CSTACK$$Base            0x20000498          --   Gb  - Linker created -
CSTACK$$Limit           0x20001498          --   Gb  - Linker created -
CapTouchInitialize      0x000864bb   0x82  Code  Gb  captouch.o [1]
CapTouchOn              0x000864a5    0xa  Code  Gb  captouch.o [1]
CapTouchRunActiveState  0x0008653d    0xa  Code  Gb  captouch.o [1]
CapTouchSM_Idle         0x00086631    0x2  Code  Gb  captouch.o [1]
CapTouchSM_Measure      0x00086635   0x72  Code  Gb  captouch.o [1]
CapTouchSM_Measure::au8CaptouchValuesMessage
                        0x200001ac   0x10  Data  Lc  captouch.o [1]
CapTouchSM_Measure::u32DebugPrintTimer
                        0x20002e04    0x4  Data  Lc  captouch.o [1]
CapTouchSetParameters   0x000865d7   0x2c  Code  Lc  captouch.o [1]
CapTouchUpdateSensorReadings
                        0x00086603   0x22  Code  Gb  captouch.o [1]
CapTouchVerify          0x00086547   0x90  Code  Lc  captouch.o [1]
CapTouch_pfnStateMachine
                        0x20002dfc    0x4  Data  Gb  captouch.o [1]
CapTouch_u32Timer       0x20002e00    0x4  Data  Gb  captouch.o [1]
CapTouch_u8CurrentHSliderValue
                        0x20002f0d    0x1  Data  Gb  captouch.o [1]
CapTouch_u8CurrentVSliderValue
                        0x20002f0e    0x1  Data  Gb  captouch.o [1]
CaptouchCurrentHSlidePosition
                        0x000864af    0x6  Code  Gb  captouch.o [1]
CaptouchCurrentVSlidePosition
                        0x000864b5    0x6  Code  Gb  captouch.o [1]
ClockSetup              0x00085ac5   0x7a  Code  Gb  mpgl2-ehdw-02.o [1]
Control_MoveLeft        0x000845c9   0x2a  Code  Gb  GameLogic.o [1]
Control_MoveRight       0x000845f3   0x2a  Code  Gb  GameLogic.o [1]
Control_RotateLeft      0x0008461d   0x2a  Code  Gb  GameLogic.o [1]
Control_RotateRight     0x00084647   0x2a  Code  Gb  GameLogic.o [1]
DBGU_IrqHandler         0x00082aed   0x1e  Code  Gb  sam3u_uart.o [1]
DeQueueMessage          0x00082681   0x56  Code  Gb  messaging.o [1]
DebugCommandCaptouchValuesToggle
                        0x0008179f   0x5a  Code  Lc  debug.o [1]
DebugCommandDummy       0x00081637   0x1a  Code  Lc  debug.o [1]
DebugCommandLedTestToggle
                        0x00081651   0x9e  Code  Lc  debug.o [1]
DebugCommandPrepareList
                        0x00081599   0x9e  Code  Lc  debug.o [1]
DebugCommandSysTimeToggle
                        0x0008174f   0x50  Code  Lc  debug.o [1]
DebugInitialize         0x000814a7   0xbc  Code  Gb  debug.o [1]
DebugLedTestCharacter   0x000816ef   0x60  Code  Lc  debug.o [1]
DebugLineFeed           0x00081365   0x1c  Code  Gb  debug.o [1]
DebugMon_Handler        0x00084be3    0x2  Code  Wk  exceptions.o [1]
DebugPrintNumber        0x00081381   0xb0  Code  Gb  debug.o [1]
DebugPrintf             0x00081341   0x24  Code  Gb  debug.o [1]
DebugRunActiveState     0x00081563    0xc  Code  Gb  debug.o [1]
DebugRxCallback         0x00081571   0x28  Code  Gb  debug.o [1]
DebugSM_CheckCmd        0x00081951   0xb2  Code  Lc  debug.o [1]
DebugSM_CheckCmd::au8CommandHeader
                        0x20000264    0x8  Data  Lc  debug.o [1]
DebugSM_CheckCmd::au8InvalidCommand
                        0x2000026c   0x14  Data  Lc  debug.o [1]
DebugSM_Error           0x00081a1d   0x34  Code  Lc  debug.o [1]
DebugSM_Error::au8DebugErrorMsg
                        0x20000280   0x18  Data  Lc  debug.o [1]
DebugSM_Idle            0x000817f9  0x158  Code  Lc  debug.o [1]
DebugSM_Idle::au8BackspaceSequence
                        0x20000240    0x4  Data  Lc  debug.o [1]
DebugSM_Idle::au8CommandOverflow
                        0x20000244   0x20  Data  Lc  debug.o [1]
DebugSM_ProcessCmd      0x00081a05   0x18  Code  Lc  debug.o [1]
Debug_Uart              0x20002e10    0x4  Data  Lc  debug.o [1]
Debug_au8CommandBuffer  0x20002a48   0x40  Data  Lc  debug.o [1]
Debug_au8Commands       0x200001bc   0x40  Data  Gb  debug.o [1]
Debug_au8RxBuffer       0x20002948   0x80  Data  Lc  debug.o [1]
Debug_au8StartupMsg     0x200001fc   0x44  Data  Lc  debug.o [1]
Debug_pfnStateMachine   0x20002e0c    0x4  Data  Lc  debug.o [1]
Debug_pu8CmdBufferNextChar
                        0x20002e20    0x4  Data  Lc  debug.o [1]
Debug_pu8RxBufferNextChar
                        0x20002e18    0x4  Data  Lc  debug.o [1]
Debug_pu8RxBufferParser
                        0x20002e1c    0x4  Data  Lc  debug.o [1]
Debug_u16CommandSize    0x20002f04    0x2  Data  Lc  debug.o [1]
Debug_u32CurrentMessageToken
                        0x20002e14    0x4  Data  Lc  debug.o [1]
Debug_u8Command         0x20002f11    0x1  Data  Lc  debug.o [1]
Debug_u8ErrorCode       0x20002f10    0x1  Data  Lc  debug.o [1]
EFC0_IrqHandler         0x00087eeb    0x2  Code  Wk  exceptions.o [1]
EFC1_IrqHandler         0x00087eed    0x2  Code  Wk  exceptions.o [1]
GUIPrintBlock           0x000868d9   0xee  Code  Gb  GUI.o [1]
GUIPrintBorders         0x000866f9   0xe2  Code  Gb  GUI.o [1]
GUIPrintGrid            0x00086879   0x60  Code  Gb  GUI.o [1]
GUIPrintScore           0x000869f9   0x38  Code  Gb  GUI.o [1]
GUIPrintTetromino       0x000867db   0x9e  Code  Gb  GUI.o [1]
GUISetPixelValue        0x000869c7   0x32  Code  Gb  GUI.o [1]
G_aau8BigFonts          0x000874c8  0x118  Data  Gb  lcd_bitmaps.o [1]
G_aau8LcdRamImage       0x20001d98  0x400  Data  Gb  lcd_NHD-C12864LZ.o [1]
G_aau8SmallFonts        0x00086bc0  0x2a0  Data  Gb  lcd_bitmaps.o [1]
G_abButtonDebounceActive
                        0x20002efc    0x2  Data  Gb  buttons.o [1]
G_asAntChannelConfiguration
                        0x20002798   0xa0  Data  Gb  ant.o [1]
G_au32ButtonDebounceTimeStart
                        0x20002d7c    0x8  Data  Gb  buttons.o [1]
G_au8ANTGetVersion      0x2000010c    0x8  Data  Gb  ant.o [1]
G_au8AntMessageAssign   0x20000010   0x18  Data  Gb  ant.o [1]
G_au8AntMessageClose    0x20000068   0x18  Data  Gb  ant.o [1]
G_au8AntMessageFail     0x20000008    0x8  Data  Gb  ant.o [1]
G_au8AntMessageInit     0x20000094   0x18  Data  Gb  ant.o [1]
G_au8AntMessageInitFail
                        0x200000ac   0x20  Data  Gb  ant.o [1]
G_au8AntMessageNoAnt    0x200000cc   0x40  Data  Gb  ant.o [1]
G_au8AntMessageOk       0x20000000    0x8  Data  Gb  ant.o [1]
G_au8AntMessageOpen     0x20000080   0x14  Data  Gb  ant.o [1]
G_au8AntMessageUnassign
                        0x20000028   0x18  Data  Gb  ant.o [1]
G_au8AntMessageUnhandled
                        0x20000040   0x28  Data  Gb  ant.o [1]
G_au8DebugScanfBuffer   0x200028c8   0x80  Data  Gb  debug.o [1]
G_au8MessageOFF         0x200003f8    0x8  Data  Gb  utilities.o [1]
G_au8MessageON          0x200003f0    0x8  Data  Gb  utilities.o [1]
G_sAntApplicationMsgList
                        0x20002dac    0x4  Data  Gb  ant.o [1]
G_sLcdClearWholeScreen  0x20000298    0x8  Data  Gb  lcd_NHD-C12864LZ.o [1]
G_stMessageResponse     0x20002da8    0x4  Data  Gb  ant.o [1]
G_u32AntFlags           0x20002da4    0x4  Data  Gb  ant.o [1]
G_u32ApplicationFlags   0x20002e58    0x4  Data  Gb  main.o [1]
G_u32DebugFlags         0x20002e08    0x4  Data  Gb  debug.o [1]
G_u32MessagingFlags     0x20002e5c    0x4  Data  Gb  messaging.o [1]
G_u32Ssp1ApplicationFlags
                        0x20002e94    0x4  Data  Gb  sam3u_ssp.o [1]
G_u32Ssp2ApplicationFlags
                        0x20002e98    0x4  Data  Gb  sam3u_ssp.o [1]
G_u32SystemFlags        0x20002e54    0x4  Data  Gb  main.o [1]
G_u32SystemTime1ms      0x20002e6c    0x4  Data  Gb  mpgl2-ehdw-02.o [1]
G_u32SystemTime1s       0x20002e70    0x4  Data  Gb  mpgl2-ehdw-02.o [1]
G_u32Uart0ApplicationFlags
                        0x20002ec8    0x4  Data  Gb  sam3u_uart.o [1]
G_u32UartApplicationFlags
                        0x20002ec4    0x4  Data  Gb  sam3u_uart.o [1]
G_u8DebugScanfCharCount
                        0x20002f0f    0x1  Data  Gb  debug.o [1]
GameControllerInitialize
                        0x0008703d   0x4e  Code  Gb  GameController.o [1]
GameController_RunActiveState
                        0x0008708b   0x14  Code  Gb  GameController.o [1]
GetButtonBitLocation    0x00086309   0x28  Code  Gb  buttons.o [1]
GpioSetup               0x00085be9   0xfe  Code  Gb  mpgl2-ehdw-02.o [1]
HDMA_IrqHandler         0x00087f09    0x2  Code  Wk  exceptions.o [1]
HEAP$$Base              0x20080000          --   Gb  - Linker created -
HEAP$$Limit             0x20084000          --   Gb  - Linker created -
HSMC4_IrqHandler        0x00087eef    0x2  Code  Wk  exceptions.o [1]
HardFault_Handler       0x00086ed3   0x4c  Code  Gb  interrupts.o [1]
HexToASCIICharLower     0x0008129d   0x28  Code  Gb  utilities.o [1]
Initialize              0x000840d5   0x42  Code  Gb  GameLogic.o [1]
InputController_Initialize
                        0x00086077  0x136  Code  Gb  InputController.o [1]
InputController_RunInputController
                        0x000861ad   0x2c  Code  Gb  InputController.o [1]
InterruptSetup          0x00086e89   0x4a  Code  Gb  interrupts.o [1]
IrqHandlerNotUsed       0x00087ee5    0x2  Code  Gb  exceptions.o [1]
IsButtonPressed         0x0008623d   0x12  Code  Gb  buttons.o [1]
IsTimeUp                0x00081265   0x38  Code  Gb  utilities.o [1]
LcdClearPixel           0x00083207   0x3e  Code  Gb  lcd_NHD-C12864LZ.o [1]
LcdClearPixels          0x000833bd   0xb0  Code  Gb  lcd_NHD-C12864LZ.o [1]
LcdClearScreen          0x0008346d   0x34  Code  Gb  lcd_NHD-C12864LZ.o [1]
LcdCommand              0x000834a1   0x58  Code  Gb  lcd_NHD-C12864LZ.o [1]
LcdInitialize           0x000834f9  0x1be  Code  Gb  lcd_NHD-C12864LZ.o [1]
LcdLoadBitmap           0x00083245  0x178  Code  Gb  lcd_NHD-C12864LZ.o [1]
LcdLoadPageToBuffer     0x00083779   0xc8  Code  Lc  lcd_NHD-C12864LZ.o [1]
LcdLoadString           0x00083139   0x90  Code  Gb  lcd_NHD-C12864LZ.o [1]
LcdManualMode           0x000836c3   0x4e  Code  Gb  lcd_NHD-C12864LZ.o [1]
LcdRunActiveState       0x000836b7    0xc  Code  Gb  lcd_NHD-C12864LZ.o [1]
LcdSM_Idle              0x000838e1   0xc8  Code  Lc  lcd_NHD-C12864LZ.o [1]
LcdSM_WaitTransfer      0x000839a9   0x74  Code  Lc  lcd_NHD-C12864LZ.o [1]
LcdSetPixel             0x000831c9   0x3e  Code  Gb  lcd_NHD-C12864LZ.o [1]
LcdSetStartAddressForDataTransfer
                        0x00083711   0x68  Code  Lc  lcd_NHD-C12864LZ.o [1]
LcdUpdateScreenRefreshArea
                        0x00083841   0x9c  Code  Gb  lcd_NHD-C12864LZ.o [1]
Lcd_ReturnState         0x20002e44    0x4  Data  Gb  lcd_NHD-C12864LZ.o [1]
Lcd_Ssp                 0x20002e4c    0x4  Data  Lc  lcd_NHD-C12864LZ.o [1]
Lcd_au8MessageInit      0x200002a0    0xc  Data  Lc  lcd_NHD-C12864LZ.o [1]
Lcd_au8MessageWelcome   0x200002ac   0x14  Data  Lc  lcd_NHD-C12864LZ.o [1]
Lcd_au8RxDummyBuffer    0x20002f15    0x1  Data  Lc  lcd_NHD-C12864LZ.o [1]
Lcd_au8SetupArray       0x200002c0    0xc  Data  Lc  lcd_NHD-C12864LZ.o [1]
Lcd_au8TxBuffer         0x200029c8   0x80  Data  Lc  lcd_NHD-C12864LZ.o [1]
Lcd_pfnStateMachine     0x20002e34    0x4  Data  Lc  lcd_NHD-C12864LZ.o [1]
Lcd_pu8RxDummyBuffer    0x20002e50    0x4  Data  Lc  lcd_NHD-C12864LZ.o [1]
Lcd_sCurrentUpdateArea  0x20002d94    0x8  Data  Lc  lcd_NHD-C12864LZ.o [1]
Lcd_sSspConfig          0x20002bc8   0x24  Data  Lc  lcd_NHD-C12864LZ.o [1]
Lcd_sUpdateArea         0x20002d8c    0x8  Data  Lc  lcd_NHD-C12864LZ.o [1]
Lcd_u32CurrentMsgToken  0x20002e48    0x4  Data  Lc  lcd_NHD-C12864LZ.o [1]
Lcd_u32Flags            0x20002e38    0x4  Data  Lc  lcd_NHD-C12864LZ.o [1]
Lcd_u32RefreshTimer     0x20002e40    0x4  Data  Lc  lcd_NHD-C12864LZ.o [1]
Lcd_u32Timer            0x20002e3c    0x4  Data  Lc  lcd_NHD-C12864LZ.o [1]
Lcd_u8CurrentPage       0x20002f14    0x1  Data  Lc  lcd_NHD-C12864LZ.o [1]
Lcd_u8PagesToUpdate     0x20002f13    0x1  Data  Lc  lcd_NHD-C12864LZ.o [1]
LedInitialize           0x00082e51   0xae  Code  Gb  leds.o [1]
LedInitialize::au8LedStartupMsg
                        0x20000384   0x18  Data  Lc  leds.o [1]
LedOff                  0x00082dcf   0x5e  Code  Gb  leds.o [1]
LedOn                   0x00082d69   0x66  Code  Gb  leds.o [1]
LedToggle               0x00082e2d   0x24  Code  Gb  leds.o [1]
LedUpdate               0x00082eff  0x186  Code  Gb  leds.o [1]
Led_au32BitPositions    0x200002cc   0x34  Data  Lc  leds.o [1]
Leds_asLedArray         0x20000300   0x84  Data  Lc  leds.o [1]
LeftLShape              0x00087cbc   0x1c  Data  Gb  Tetromino.o [1]
LeftSShape              0x00087cf4   0x1c  Data  Gb  Tetromino.o [1]
LineShape               0x00087d48   0x1c  Data  Gb  Tetromino.o [1]
MCI0_IrqHandler         0x00087ef5    0x2  Code  Wk  exceptions.o [1]
MemManage_Handler       0x0008310b    0x2  Code  Wk  exceptions.o [1]
MessagingIdle           0x000827a9   0x1c  Code  Gb  messaging.o [1]
MessagingIdle::u32CleaningTime
                        0x2000039c    0x4  Data  Lc  messaging.o [1]
MessagingInitialize     0x000826d7   0x76  Code  Gb  messaging.o [1]
MessagingRunActiveState
                        0x0008274d    0xa  Code  Gb  messaging.o [1]
Messaging_pfnStateMachine
                        0x20002e60    0x4  Data  Lc  messaging.o [1]
Msg_Pool                0x20001498  0x900  Data  Lc  messaging.o [1]
Msg_StatusQueue         0x20002198  0x300  Data  Lc  messaging.o [1]
Msg_pNextStatus         0x20002e68    0x4  Data  Lc  messaging.o [1]
Msg_u32Token            0x20002e64    0x4  Data  Lc  messaging.o [1]
Msg_u8QueuedMessageCount
                        0x20002f16    0x1  Data  Lc  messaging.o [1]
NMI_Handler             0x00087ee7    0x2  Code  Wk  exceptions.o [1]
NVIC_ClearPendingIRQ    0x00086229   0x14  Code  Lc  buttons.o [1]
NVIC_ClearPendingIRQ    0x00086e75   0x14  Code  Lc  interrupts.o [1]
NVIC_ClearPendingIRQ    0x00083aeb   0x16  Code  Lc  sam3u_i2c.o [1]
NVIC_ClearPendingIRQ    0x00081aff   0x16  Code  Lc  sam3u_ssp.o [1]
NVIC_ClearPendingIRQ    0x00082807   0x16  Code  Lc  sam3u_uart.o [1]
NVIC_DisableIRQ         0x00086e61   0x14  Code  Lc  interrupts.o [1]
NVIC_EnableIRQ          0x00086215   0x14  Code  Lc  buttons.o [1]
NVIC_EnableIRQ          0x00083ad5   0x16  Code  Lc  sam3u_i2c.o [1]
NVIC_EnableIRQ          0x00081ae9   0x16  Code  Lc  sam3u_ssp.o [1]
NVIC_EnableIRQ          0x000827f1   0x16  Code  Lc  sam3u_uart.o [1]
PIOA_IrqHandler         0x00086f5b   0x54  Code  Gb  interrupts.o [1]
PIOB_IrqHandler         0x00086faf   0x54  Code  Gb  interrupts.o [1]
PIOC_IrqHandler         0x00087ef1    0x2  Code  Wk  exceptions.o [1]
PMC_IrqHandler          0x00087ee9    0x2  Code  Wk  exceptions.o [1]
PWMAudioOn              0x00085d4f    0xa  Code  Gb  mpgl2-ehdw-02.o [1]
PWMAudioSetFrequency    0x00085d1d   0x32  Code  Gb  mpgl2-ehdw-02.o [1]
PWMSetupAudio           0x00085ce7   0x36  Code  Gb  mpgl2-ehdw-02.o [1]
PWM_IrqHandler          0x00087f03    0x2  Code  Wk  exceptions.o [1]
PendSV_Handler          0x00086bbf    0x2  Code  Wk  exceptions.o [1]
QueryMessageStatus      0x0008254d   0x38  Code  Gb  messaging.o [1]
QueueMessage            0x00082585   0xfc  Code  Gb  messaging.o [1]
RSTC_IrqHandler         0x0008770f    0x2  Code  Wk  exceptions.o [1]
RTC_IrqHandler          0x000877a3    0x2  Code  Wk  exceptions.o [1]
RTT_IrqHandler          0x00087d7f    0x2  Code  Wk  exceptions.o [1]
Region$$Table$$Base     0x00087bcc          --   Gb  - Linker created -
Region$$Table$$Limit    0x00087bec          --   Gb  - Linker created -
RightLShape             0x00087cd8   0x1c  Data  Gb  Tetromino.o [1]
RightSShape             0x00087d10   0x1c  Data  Gb  Tetromino.o [1]
SM_Collapse             0x00084261   0xe0  Code  Gb  GameLogic.o [1]
SM_Collapse::SUBSTATE   0x20002f12    0x1  Data  Lc  GameLogic.o [1]
SM_Collapse::rowToClear
                        0x20000496    0x1  Data  Lc  GameLogic.o [1]
SM_Collision            0x000841a1   0x98  Code  Gb  GameLogic.o [1]
SM_Drop                 0x00084239   0x22  Code  Gb  GameLogic.o [1]
SM_Idle                 0x00084159   0x26  Code  Gb  GameLogic.o [1]
SM_Lose                 0x0008425d    0x2  Code  Gb  GameLogic.o [1]
SM_RunTimers            0x00084771   0x36  Code  Gb  Timers.o [1]
SM_SpawnBlock           0x00084119   0x3e  Code  Gb  GameLogic.o [1]
SM_Timeout              0x00084181   0x20  Code  Gb  GameLogic.o [1]
SNSK_array              0x20002cb0   0x10  Data  Gb  touch_burst_qt.o [4]
SNS_array               0x20002ca0   0x10  Data  Gb  touch_burst_qt.o [4]
SPI0_IrqHandler         0x00087ef9    0x2  Code  Wk  exceptions.o [1]
SSC0_IrqHandler         0x00087efb    0x2  Code  Wk  exceptions.o [1]
SSP_Peripheral0         0x20002a88   0x38  Data  Lc  sam3u_ssp.o [1]
SSP_Peripheral1         0x20002ac0   0x38  Data  Lc  sam3u_ssp.o [1]
SSP_Peripheral2         0x20002af8   0x38  Data  Lc  sam3u_ssp.o [1]
SSP_psCurrentISR        0x20002eac    0x4  Data  Lc  sam3u_ssp.o [1]
SSP_psCurrentSsp        0x20002ea8    0x4  Data  Lc  sam3u_ssp.o [1]
SSP_pu32SspApplicationFlagsISR
                        0x20002eb0    0x4  Data  Lc  sam3u_ssp.o [1]
SSP_u32AntCounter       0x20002ebc    0x4  Data  Lc  sam3u_ssp.o [1]
SSP_u32Flags            0x20002ea4    0x4  Data  Lc  sam3u_ssp.o [1]
SSP_u32Int1Count        0x20002eb4    0x4  Data  Lc  sam3u_ssp.o [1]
SSP_u32Int2Count        0x20002eb8    0x4  Data  Lc  sam3u_ssp.o [1]
SSP_u32RxCounter        0x20002ec0    0x4  Data  Lc  sam3u_ssp.o [1]
SSP_u32Timer            0x20002ea0    0x4  Data  Lc  sam3u_ssp.o [1]
SUPC_IrqHandler         0x000876f3    0x2  Code  Wk  exceptions.o [1]
SVC_Handler             0x000848eb    0x2  Code  Wk  exceptions.o [1]
SquareShape             0x00087d2c   0x1c  Data  Gb  Tetromino.o [1]
SspGenericHandler       0x00081e21  0x394  Code  Gb  sam3u_ssp.o [1]
SspInitialize           0x00081c8d   0xec  Code  Gb  sam3u_ssp.o [1]
SspInitialize::au8SspStartupMessage
                        0x200003c0   0x18  Data  Lc  sam3u_ssp.o [1]
SspManualMode           0x00081d85   0x48  Code  Gb  sam3u_ssp.o [1]
SspRequest              0x00081b15  0x148  Code  Gb  sam3u_ssp.o [1]
SspRunActiveState       0x00081d79    0xc  Code  Gb  sam3u_ssp.o [1]
SspSM_Idle              0x000821b9  0x1ee  Code  Gb  sam3u_ssp.o [1]
SspSM_Idle::au8SspErrorInvalidSsp
                        0x200003d8   0x18  Data  Lc  sam3u_ssp.o [1]
SspWriteData            0x00081c5d   0x30  Code  Gb  sam3u_ssp.o [1]
Ssp_pfnStateMachine     0x20002e9c    0x4  Data  Lc  sam3u_ssp.o [1]
SysTickSetup            0x00085b3f   0x22  Code  Gb  mpgl2-ehdw-02.o [1]
SysTick_Handler         0x00086f1f   0x3c  Code  Gb  interrupts.o [1]
SysTick_Handler::u16SecondCounter
                        0x20000494    0x2  Data  Lc  interrupts.o [1]
SystemSleep             0x00085b61   0x7a  Code  Gb  mpgl2-ehdw-02.o [1]
SystemSleep::au8TickWarningMessage
                        0x200003a0   0x20  Data  Lc  mpgl2-ehdw-02.o [1]
SystemSleep::u32PreviousSystemTick
                        0x20002e78    0x4  Data  Lc  mpgl2-ehdw-02.o [1]
SystemStatusReport      0x00081431   0x76  Code  Gb  debug.o [1]
TC0_IrqHandler          0x00087efd    0x2  Code  Wk  exceptions.o [1]
TC1_IrqHandler          0x00087eff    0x2  Code  Wk  exceptions.o [1]
TC2_IrqHandler          0x00087f01    0x2  Code  Wk  exceptions.o [1]
TETRIS_THEME_KEYS       0x000877a4   0x74  Data  Gb  Audio.o [1]
TETRIS_THEME_LENGTHS    0x00087818   0x74  Data  Gb  Audio.o [1]
TShape                  0x00087ca0   0x1c  Data  Gb  Tetromino.o [1]
TWI0                    0x20002e88    0x4  Data  Lc  sam3u_i2c.o [1]
TWI0FillTxBuffer        0x00083c0f   0x96  Code  Lc  sam3u_i2c.o [1]
TWI0_IrqHandler         0x00083ca5   0xb8  Code  Gb  sam3u_i2c.o [1]
TWI1_IrqHandler         0x00087ef7    0x2  Code  Wk  exceptions.o [1]
TWIInitialize           0x00083b01  0x102  Code  Gb  sam3u_i2c.o [1]
TWIRunActiveState       0x00083c03    0xc  Code  Gb  sam3u_i2c.o [1]
TWISM_Error             0x00083ff1   0x94  Code  Gb  sam3u_i2c.o [1]
TWISM_Idle              0x00083d61  0x142  Code  Gb  sam3u_i2c.o [1]
TWISM_Receiving         0x00083f79   0x78  Code  Gb  sam3u_i2c.o [1]
TWISM_Transmitting      0x00083ea5   0xd2  Code  Gb  sam3u_i2c.o [1]
TWI_MessageBuffer       0x20002598  0x100  Data  Lc  sam3u_i2c.o [1]
TWI_MessageBufferCurIndex
                        0x20002f18    0x1  Data  Lc  sam3u_i2c.o [1]
TWI_MessageBufferNextIndex
                        0x20002f17    0x1  Data  Lc  sam3u_i2c.o [1]
TWI_MessageQueueLength  0x20002f19    0x1  Data  Lc  sam3u_i2c.o [1]
TWI_Peripheral0         0x20002d60   0x10  Data  Lc  sam3u_i2c.o [1]
TWI_StateMachine        0x20002e7c    0x4  Data  Lc  sam3u_i2c.o [1]
TWI_pu8CurrentTxData    0x20002e90    0x4  Data  Lc  sam3u_i2c.o [1]
TWI_u32CurrentBytesRemaining
                        0x20002e8c    0x4  Data  Lc  sam3u_i2c.o [1]
TWI_u32Flags            0x20002e84    0x4  Data  Lc  sam3u_i2c.o [1]
TWI_u32Timer            0x20002e80    0x4  Data  Lc  sam3u_i2c.o [1]
UART_Peripheral         0x20002bec   0x24  Data  Lc  sam3u_uart.o [1]
UART_Peripheral0        0x20002c10   0x24  Data  Lc  sam3u_uart.o [1]
UART_Peripheral1        0x20002c34   0x24  Data  Lc  sam3u_uart.o [1]
UART_Peripheral2        0x20002c58   0x24  Data  Lc  sam3u_uart.o [1]
UART_psCurrentISR       0x20002edc    0x4  Data  Lc  sam3u_uart.o [1]
UART_psCurrentUart      0x20002ed8    0x4  Data  Lc  sam3u_uart.o [1]
UART_pu32ApplicationFlagsISR
                        0x20002ee0    0x4  Data  Lc  sam3u_uart.o [1]
UART_u32Flags           0x20002ed4    0x4  Data  Lc  sam3u_uart.o [1]
UART_u32Int0Count       0x20002ee8    0x4  Data  Lc  sam3u_uart.o [1]
UART_u32IntCount        0x20002ee4    0x4  Data  Lc  sam3u_uart.o [1]
UART_u32Timer           0x20002ed0    0x4  Data  Lc  sam3u_uart.o [1]
UART_u8ActiveUarts      0x20002f1a    0x1  Data  Lc  sam3u_uart.o [1]
UDPD_IrqHandler         0x00087f0b    0x2  Code  Wk  exceptions.o [1]
USART0_IrqHandler       0x00082b0b   0x1e  Code  Gb  sam3u_uart.o [1]
USART1_IrqHandler       0x00081dcd   0x2a  Code  Gb  sam3u_ssp.o [1]
USART2_IrqHandler       0x00081df7   0x2a  Code  Gb  sam3u_ssp.o [1]
USART3_IrqHandler       0x00087ef3    0x2  Code  Wk  exceptions.o [1]
UartGenericHandler      0x00082b29   0xf4  Code  Gb  sam3u_uart.o [1]
UartInitialize          0x000829b1   0xfc  Code  Gb  sam3u_uart.o [1]
UartManualMode          0x00082ab7   0x36  Code  Lc  sam3u_uart.o [1]
UartRequest             0x0008281d  0x138  Code  Gb  sam3u_uart.o [1]
UartRunActiveState      0x00082aad    0xa  Code  Gb  sam3u_uart.o [1]
UartSM_Idle             0x00082c21   0xd8  Code  Gb  sam3u_uart.o [1]
UartWriteByte           0x00082955   0x30  Code  Gb  sam3u_uart.o [1]
UartWriteData           0x00082985   0x2c  Code  Gb  sam3u_uart.o [1]
Uart_pfnStateMachine    0x20002ecc    0x4  Data  Lc  sam3u_uart.o [1]
UpdateMessageStatus     0x00082757   0x1c  Code  Gb  messaging.o [1]
UsageFault_Handler      0x00084807    0x2  Code  Wk  exceptions.o [1]
UserApp1Initialize      0x000876bd   0x20  Code  Gb  user_app1.o [1]
UserApp1RunActiveState  0x000876dd    0xc  Code  Gb  user_app1.o [1]
UserApp1SM_Idle         0x000876f1    0x2  Code  Lc  user_app1.o [1]
UserApp1_StateMachine   0x20002eec    0x4  Data  Lc  user_app1.o [1]
UserApp2Initialize      0x000876f5    0xa  Code  Gb  user_app2.o [1]
UserApp2RunActiveState  0x000876ff    0xa  Code  Gb  user_app2.o [1]
UserApp2SM_Idle         0x0008770d    0x2  Code  Lc  user_app2.o [1]
UserApp2_StateMachine   0x20002ef0    0x4  Data  Lc  user_app2.o [1]
UserApp3Initialize      0x00087711    0xa  Code  Gb  user_app3.o [1]
UserApp3RunActiveState  0x0008771b    0xa  Code  Gb  user_app3.o [1]
UserApp3SM_Idle         0x00087729    0x2  Code  Lc  user_app3.o [1]
UserApp3_StateMachine   0x20002ef4    0x4  Data  Lc  user_app3.o [1]
WDT_IrqHandler          0x00087da3    0x2  Code  Wk  exceptions.o [1]
WatchDogSetup           0x00085bdb    0xe  Code  Gb  mpgl2-ehdw-02.o [1]
_PrintfTiny             0x00086a89  0x136  Code  Gb  xprintftiny.o [3]
_Rand_idx               0x20000410    0x4  Data  Lc  rand.o [3]
_Rand_rv                0x20000414   0x80  Data  Lc  rand.o [3]
_Randinit               0x20000408    0x1  Data  Gb  rand.o [3]
_Randseed               0x2000040c    0x4  Data  Gb  rand.o [3]
_SProut                 0x0008125b    0xa  Code  Gb  xsprout.o [3]
__ICFEDIT_intvec_start__ {Abs}
                        0x00080000         Data  Gb  command line/config [2]
__aeabi_memset          0x000830a5         Code  Gb  ABImemset.o [5]
__cmain                 0x00087d65         Code  Gb  cmain.o [5]
__data_Aldata           0x20002d9c    0x8  Data  Gb  xxmemxmalloc.o [3]
__data_GetMemChunk      0x0008310d   0x2c  Code  Gb  xgetmemchunk.o [3]
__data_GetMemChunk::start
                        0x20002ef8    0x4  Data  Lc  xgetmemchunk.o [3]
__exit                  0x00087da5   0x14  Code  Gb  exit.o [6]
__iar_Memset            0x000830a5         Code  Gb  ABImemset.o [5]
__iar_Memset_word       0x000830ad         Code  Gb  ABImemset.o [5]
__iar_close_ttio        0x00087965   0x2e  Code  Gb  iarttio.o [6]
__iar_data_init3        0x000879f5   0x28  Code  Gb  data_init.o [5]
__iar_dlib_perthread_access
                        0x00084be1    0x2  Code  Gb  xtls.o [3]
__iar_lookup_ttioh      0x00087995    0x8  Code  Gb  XShttio.o [3]
__iar_lz77_init_single3
                        0x0008772b   0x78  Code  Gb  lz77_init_single.o [5]
__iar_program_start     0x00087ec9         Code  Gb  cstartup_M.o [5]
__iar_ttio_handles      0x20000400    0x8  Data  Lc  XShttio.o [3]
__iar_unaligned___aeabi_memcpy
                        0x000812c9         Code  Gb  ABImemcpy_unaligned.o [5]
__iar_unaligned___aeabi_memcpy4
                        0x000812e9         Code  Gb  ABImemcpy_unaligned.o [5]
__iar_unaligned___aeabi_memcpy8
                        0x000812e9         Code  Gb  ABImemcpy_unaligned.o [5]
__iar_zero_init3        0x00087925   0x40  Code  Gb  zero_init3.o [5]
__low_level_init        0x00087d81   0x14  Code  Gb  board_cstartup_iar.o [1]
__vector_table          0x00080000   0xbc  Data  Gb  board_cstartup_iar.o [1]
_call_main              0x00087d71         Code  Gb  cmain.o [5]
_exit                   0x00087d99         Code  Gb  cexit.o [5]
_main                   0x00087d7b         Code  Gb  cmain.o [5]
aau8EngenuicsLogoBlack  0x00087220  0x160  Data  Gb  lcd_bitmaps.o [1]
audioTimer              0x20002df4    0x4  Data  Lc  Audio.o [1]
blockcords_to_gridcords
                        0x000844a3   0x1a  Code  Gb  GameLogic.o [1]
burst                   0x0008572f   0x2e  Code  Gb  touch_burst_qt.o [4]
burst_10_AA_BB          0x00084be5  0x4d0  Code  Gb  burst_10_AA_BB.o [4]
burst_init              0x00085705    0xa  Code  Gb  touch_burst_qt.o [4]
burst_proc              0x20002cfc    0x4  Data  Gb  touch_api.o [4]
burst_reset             0x0008570f   0x20  Code  Gb  touch_burst_qt.o [4]
buttonA                 0x20002d00   0x10  Data  Lc  InputController.o [1]
buttonB                 0x20002d10   0x10  Data  Lc  InputController.o [1]
calc_masks              0x00087381  0x148  Code  Gb  calc_masks.o [4]
calc_rotor_slider_sensor_delta
                        0x000857cd   0x4e  Code  Gb  touch_rs_qt.o [4]
calc_rotor_slider_value
                        0x00085879  0x1b4  Code  Gb  touch_rs_qt.o [4]
calibrate_sensor        0x0008531f   0x60  Code  Lc  touch_process.o [4]
change_tetromino        0x00084a63   0x2e  Code  Gb  Tetromino.o [1]
channel_dequeue         0x000846f9   0x4a  Code  Gb  Commands.o [1]
channel_is_empty        0x00084743   0x28  Code  Gb  Commands.o [1]
channel_open            0x00084671   0x3c  Code  Gb  Commands.o [1]
channel_send            0x000846ad   0x4c  Code  Gb  Commands.o [1]
check_button_trigger    0x00085ec5   0x40  Code  Gb  InputController.o [1]
check_capacitive_trigger
                        0x00085f2b   0xdc  Code  Gb  InputController.o [1]
check_overlap           0x00084545   0x84  Code  Gb  GameLogic.o [1]
controls_timer          0x20002e28    0x4  Data  Lc  GameController.o [1]
create_button_device    0x00086047   0x22  Code  Gb  InputController.o [1]
create_capacitive_device
                        0x00086007   0x40  Code  Gb  InputController.o [1]
create_grid             0x000848a9   0x42  Code  Gb  Grid.o [1]
create_logical_device   0x00086069    0xe  Code  Gb  InputController.o [1]
create_tetromino        0x000849a7   0xac  Code  Gb  Tetromino.o [1]
destroy_tetromino       0x00084a53   0x10  Code  Gb  Tetromino.o [1]
dht_counter             0x20002c7d    0x1  Data  Gb  touch_process.o [4]
divide                  0x0008581b   0x5e  Code  Lc  touch_rs_qt.o [4]
drift_channel           0x0008537f   0x80  Code  Lc  touch_process.o [4]
drift_pos_recal_ctrs    0x20002c80   0x20  Data  Lc  touch_process.o [4]
exit                    0x00087d95    0x4  Code  Gb  exit.o [3]
fill_grid_with_tetromino
                        0x00084423   0x80  Code  Gb  GameLogic.o [1]
fill_out_rotor_slider_deltas
                        0x00085a45   0x64  Code  Lc  touch_rs_qt.o [4]
fill_tetromino          0x00084ab1   0x30  Code  Gb  Tetromino.o [1]
free                    0x000824cd   0x7a  Code  Gb  xxmemxfree.o [3]
freq_shift              0x20000497    0x1  Data  Gb  touch_api.o [4]
game                    0x20002cd8   0x14  Data  Lc  GameController.o [1]
game_process_commands   0x000844bd   0x74  Code  Gb  GameLogic.o [1]
game_timer              0x20002e2c    0x4  Data  Lc  GameController.o [1]
get_channel_delta       0x000856dd   0x14  Code  Gb  touch_process.o [4]
goto_no_detect          0x000852dd   0x42  Code  Lc  touch_process.o [4]
gravityTimer            0x20002e30    0x4  Data  Lc  GameLogic.o [1]
gui_timer               0x20002e24    0x4  Data  Lc  GameController.o [1]
has_lost                0x000843d3   0x50  Code  Gb  GameLogic.o [1]
is_collision            0x00084341   0x92  Code  Gb  GameLogic.o [1]
is_row_filled           0x0008486b   0x3e  Code  Gb  Grid.o [1]
lib_status_flags        0x200028c4    0x2  Data  Gb  touch_api.o [4]
main                    0x000875e1   0xdc  Code  Gb  main.o [1]
malloc                  0x0008241d   0xac  Code  Gb  xxmemxmalloc.o [3]
mappings                0x20002cc0   0x18  Data  Gb  InputController.o [1]
msCounter               0x20002f06    0x2  Data  Lc  user_app1.o [1]
note_counter            0x20002f0c    0x1  Data  Lc  Audio.o [1]
num_rotors_sliders      0x20002f1c    0x1  Data  Gb  touch_rs_qt.o [4]
num_sensors             0x20002c7c    0x1  Data  Gb  touch_process.o [4]
out                     0x00086a71   0x18  Code  Lc  xprintftiny.o [3]
process_sensor          0x000853ff  0x2de  Code  Gb  touch_process.o [4]
q_get_PRIMASK           0x000852b1    0x8  Code  Gb  touch_api.o [4]
q_set_PRIMASK           0x000852b9    0x8  Code  Gb  touch_api.o [4]
qt_calibrate_sensing    0x000850f7   0x1c  Code  Gb  touch_api.o [4]
qt_config_data          0x20002cec    0x8  Data  Gb  touch_api.o [4]
qt_enable_slider        0x00085765   0x5c  Code  Gb  touch_rs_qt.o [4]
qt_filter_callback      0x20002cf8    0x4  Data  Gb  touch_api.o [4]
qt_get_library_sig      0x000850e5   0x12  Code  Gb  touch_api.o [4]
qt_get_sensor_delta     0x0008522b   0x68  Code  Gb  touch_api.o [4]
qt_init_sensing_with_burst
                        0x000850b5   0x30  Code  Gb  touch_api.o [4]
qt_measure_data         0x20002838   0x8c  Data  Gb  touch_api.o [4]
qt_measure_sensors      0x00085145   0xe6  Code  Gb  touch_api.o [4]
qt_reset_sensing        0x00085113   0x32  Code  Gb  touch_api.o [4]
rand                    0x00084b01   0xe0  Code  Gb  rand.o [3]
read_slider             0x00085f05   0x26  Code  Gb  InputController.o [1]
rotate_left             0x000848ed   0x60  Code  Gb  Tetromino.o [1]
rotate_right            0x0008494d   0x5a  Code  Gb  Tetromino.o [1]
rotor_slider_deltas     0x20002b78    0x8  Data  Lc  touch_rs_qt.o [4]
rotor_slider_enter_detect
                        0x00085a2d   0x18  Code  Gb  touch_rs_qt.o [4]
rotors_sliders          0x20002b58   0x20  Data  Lc  touch_rs_qt.o [4]
sensors                 0x20002698  0x100  Data  Gb  touch_process.o [4]
server                  0x20002ba4   0x24  Data  Lc  Commands.o [1]
shift_grid_down         0x00084809   0x62  Code  Gb  Grid.o [1]
sliderDown              0x20002d30   0x10  Data  Lc  InputController.o [1]
sliderLeft              0x20002d40   0x10  Data  Lc  InputController.o [1]
sliderRight             0x20002d50   0x10  Data  Lc  InputController.o [1]
sliderUp                0x20002d20   0x10  Data  Lc  InputController.o [1]
sprintf                 0x00086a3d   0x34  Code  Gb  sprintf.o [3]
srand                   0x00084ae1   0x20  Code  Gb  srand.o [3]
start_cal_sensor        0x000852c1   0x1c  Code  Gb  touch_process.o [4]
strlen                  0x00083a9d         Code  Gb  strlen.o [5]
time_of_last_call_ms    0x20002cf4    0x2  Data  Lc  touch_api.o [4]
timerList               0x20002b30   0x28  Data  Lc  Timers.o [1]
timer_create            0x000847a7   0x40  Code  Gb  Timers.o [1]
timer_prescale          0x200028c6    0x2  Data  Lc  touch_api.o [4]
timer_ready             0x00084803    0x4  Code  Gb  Timers.o [1]
timer_reset             0x000847f9    0xa  Code  Gb  Timers.o [1]
timer_start             0x000847ed    0x6  Code  Gb  Timers.o [1]
timer_stop              0x000847f3    0x6  Code  Gb  Timers.o [1]
u8CapTouchGetSliderValue
                        0x00086625    0xc  Code  Gb  captouch.o [1]
update_audio            0x00087167    0x8  Code  Gb  GameController.o [1]
update_controls         0x000870e7   0x80  Code  Gb  GameController.o [1]
update_game             0x0008716f   0x20  Code  Gb  GameController.o [1]
update_gui              0x0008709f   0x48  Code  Gb  GameController.o [1]


[1] = C:\Users\Anthony\Google Drive\Hobbies\IAR\Razor_Atmel\firmware_dotmatrix\iar_7_20_1\Debug\Obj
[2] = command line
[3] = dl7M_tln.a
[4] = libsam3u-32qt-k-8rs-iar.a
[5] = rt7M_tl.a
[6] = shb_l.a

  29 430 bytes of readonly  code memory
   3 786 bytes of readonly  data memory
  28 445 bytes of readwrite data memory

Errors: none
Warnings: none
